Archive member included to satisfy reference by file (symbol)

C:/ST/STM32CubeIDE_1.14.0/STM32CubeIDE/plugins/com.st.stm32cube.ide.mcu.externaltools.gnu-tools-for-stm32.11.3.rel1.win32_1.1.100.202309141235/tools/bin/../lib/gcc/arm-none-eabi/11.3.1/../../../../arm-none-eabi/lib/thumb/v7e-m+fp/hard\libc_nano.a(libc_a-exit.o)
                              C:/ST/STM32CubeIDE_1.14.0/STM32CubeIDE/plugins/com.st.stm32cube.ide.mcu.externaltools.gnu-tools-for-stm32.11.3.rel1.win32_1.1.100.202309141235/tools/bin/../lib/gcc/arm-none-eabi/11.3.1/../../../../arm-none-eabi/lib/thumb/v7e-m+fp/hard/crt0.o (exit)
C:/ST/STM32CubeIDE_1.14.0/STM32CubeIDE/plugins/com.st.stm32cube.ide.mcu.externaltools.gnu-tools-for-stm32.11.3.rel1.win32_1.1.100.202309141235/tools/bin/../lib/gcc/arm-none-eabi/11.3.1/../../../../arm-none-eabi/lib/thumb/v7e-m+fp/hard\libc_nano.a(libc_a-strtoul.o)
                              ./App/src/cli.o (strtoul)
C:/ST/STM32CubeIDE_1.14.0/STM32CubeIDE/plugins/com.st.stm32cube.ide.mcu.externaltools.gnu-tools-for-stm32.11.3.rel1.win32_1.1.100.202309141235/tools/bin/../lib/gcc/arm-none-eabi/11.3.1/../../../../arm-none-eabi/lib/thumb/v7e-m+fp/hard\libc_nano.a(libc_a-ctype_.o)
                              C:/ST/STM32CubeIDE_1.14.0/STM32CubeIDE/plugins/com.st.stm32cube.ide.mcu.externaltools.gnu-tools-for-stm32.11.3.rel1.win32_1.1.100.202309141235/tools/bin/../lib/gcc/arm-none-eabi/11.3.1/../../../../arm-none-eabi/lib/thumb/v7e-m+fp/hard\libc_nano.a(libc_a-strtoul.o) (_ctype_)
C:/ST/STM32CubeIDE_1.14.0/STM32CubeIDE/plugins/com.st.stm32cube.ide.mcu.externaltools.gnu-tools-for-stm32.11.3.rel1.win32_1.1.100.202309141235/tools/bin/../lib/gcc/arm-none-eabi/11.3.1/../../../../arm-none-eabi/lib/thumb/v7e-m+fp/hard\libc_nano.a(libc_a-findfp.o)
                              C:/ST/STM32CubeIDE_1.14.0/STM32CubeIDE/plugins/com.st.stm32cube.ide.mcu.externaltools.gnu-tools-for-stm32.11.3.rel1.win32_1.1.100.202309141235/tools/bin/../lib/gcc/arm-none-eabi/11.3.1/../../../../arm-none-eabi/lib/thumb/v7e-m+fp/hard\libc_nano.a(libc_a-exit.o) (__stdio_exit_handler)
C:/ST/STM32CubeIDE_1.14.0/STM32CubeIDE/plugins/com.st.stm32cube.ide.mcu.externaltools.gnu-tools-for-stm32.11.3.rel1.win32_1.1.100.202309141235/tools/bin/../lib/gcc/arm-none-eabi/11.3.1/../../../../arm-none-eabi/lib/thumb/v7e-m+fp/hard\libc_nano.a(libc_a-fwalk.o)
                              C:/ST/STM32CubeIDE_1.14.0/STM32CubeIDE/plugins/com.st.stm32cube.ide.mcu.externaltools.gnu-tools-for-stm32.11.3.rel1.win32_1.1.100.202309141235/tools/bin/../lib/gcc/arm-none-eabi/11.3.1/../../../../arm-none-eabi/lib/thumb/v7e-m+fp/hard\libc_nano.a(libc_a-findfp.o) (_fwalk_sglue)
C:/ST/STM32CubeIDE_1.14.0/STM32CubeIDE/plugins/com.st.stm32cube.ide.mcu.externaltools.gnu-tools-for-stm32.11.3.rel1.win32_1.1.100.202309141235/tools/bin/../lib/gcc/arm-none-eabi/11.3.1/../../../../arm-none-eabi/lib/thumb/v7e-m+fp/hard\libc_nano.a(libc_a-sprintf.o)
                              ./App/ap.o (sprintf)
C:/ST/STM32CubeIDE_1.14.0/STM32CubeIDE/plugins/com.st.stm32cube.ide.mcu.externaltools.gnu-tools-for-stm32.11.3.rel1.win32_1.1.100.202309141235/tools/bin/../lib/gcc/arm-none-eabi/11.3.1/../../../../arm-none-eabi/lib/thumb/v7e-m+fp/hard\libc_nano.a(libc_a-stdio.o)
                              C:/ST/STM32CubeIDE_1.14.0/STM32CubeIDE/plugins/com.st.stm32cube.ide.mcu.externaltools.gnu-tools-for-stm32.11.3.rel1.win32_1.1.100.202309141235/tools/bin/../lib/gcc/arm-none-eabi/11.3.1/../../../../arm-none-eabi/lib/thumb/v7e-m+fp/hard\libc_nano.a(libc_a-findfp.o) (__sread)
C:/ST/STM32CubeIDE_1.14.0/STM32CubeIDE/plugins/com.st.stm32cube.ide.mcu.externaltools.gnu-tools-for-stm32.11.3.rel1.win32_1.1.100.202309141235/tools/bin/../lib/gcc/arm-none-eabi/11.3.1/../../../../arm-none-eabi/lib/thumb/v7e-m+fp/hard\libc_nano.a(libc_a-vsnprintf.o)
                              ./App/src/uart.o (vsnprintf)
C:/ST/STM32CubeIDE_1.14.0/STM32CubeIDE/plugins/com.st.stm32cube.ide.mcu.externaltools.gnu-tools-for-stm32.11.3.rel1.win32_1.1.100.202309141235/tools/bin/../lib/gcc/arm-none-eabi/11.3.1/../../../../arm-none-eabi/lib/thumb/v7e-m+fp/hard\libc_nano.a(libc_a-memset.o)
                              C:/ST/STM32CubeIDE_1.14.0/STM32CubeIDE/plugins/com.st.stm32cube.ide.mcu.externaltools.gnu-tools-for-stm32.11.3.rel1.win32_1.1.100.202309141235/tools/bin/../lib/gcc/arm-none-eabi/11.3.1/../../../../arm-none-eabi/lib/thumb/v7e-m+fp/hard/crt0.o (memset)
C:/ST/STM32CubeIDE_1.14.0/STM32CubeIDE/plugins/com.st.stm32cube.ide.mcu.externaltools.gnu-tools-for-stm32.11.3.rel1.win32_1.1.100.202309141235/tools/bin/../lib/gcc/arm-none-eabi/11.3.1/../../../../arm-none-eabi/lib/thumb/v7e-m+fp/hard\libc_nano.a(libc_a-strncpy.o)
                              ./App/src/cli.o (strncpy)
C:/ST/STM32CubeIDE_1.14.0/STM32CubeIDE/plugins/com.st.stm32cube.ide.mcu.externaltools.gnu-tools-for-stm32.11.3.rel1.win32_1.1.100.202309141235/tools/bin/../lib/gcc/arm-none-eabi/11.3.1/../../../../arm-none-eabi/lib/thumb/v7e-m+fp/hard\libc_nano.a(libc_a-strtok_r.o)
[...]
Memory Configuration

Name             Origin             Length             Attributes
CCMRAM           0x0000000010000000 0x0000000000010000 xrw
RAM              0x0000000020000000 0x0000000000030000 xrw
FLASH            0x0000000008000000 0x0000000000200000 xr
*default*        0x0000000000000000 0xffffffffffffffff

Linker script and memory map

LOAD C:/ST/STM32CubeIDE_1.14.0/STM32CubeIDE/plugins/com.st.stm32cube.ide.mcu.externaltools.gnu-tools-for-stm32.11.3.rel1.win32_1.1.100.202309141235/tools/bin/../lib/gcc/arm-none-eabi/11.3.1/thumb/v7e-m+fp/hard/crti.o
LOAD C:/ST/STM32CubeIDE_1.14.0/STM32CubeIDE/plugins/com.st.stm32cube.ide.mcu.externaltools.gnu-tools-for-stm32.11.3.rel1.win32_1.1.100.202309141235/tools/bin/../lib/gcc/arm-none-eabi/11.3.1/thumb/v7e-m+fp/hard/crtbegin.o
LOAD C:/ST/STM32CubeIDE_1.14.0/STM32CubeIDE/plugins/com.st.stm32cube.ide.mcu.externaltools.gnu-tools-for-stm32.11.3.rel1.win32_1.1.100.202309141235/tools/bin/../lib/gcc/arm-none-eabi/11.3.1/../../../../arm-none-eabi/lib/thumb/v7e-m+fp/hard/crt0.o
LOAD ./App/ap.o
LOAD ./App/src/adc.o
LOAD ./App/src/btn_gpio.o
LOAD ./App/src/button.o
LOAD ./App/src/cli.o
LOAD ./App/src/gpio.o
LOAD ./App/src/led.o
LOAD ./App/src/pwm.o
LOAD ./App/src/spi.o
LOAD ./App/src/uart.o
LOAD ./App/src/utils.o
LOAD ./App/src/clcd/CLCD.o
LOAD ./App/src/lcd/st7735.o
LOAD ./Core/Src/main.o
LOAD ./Core/Src/stm32f4xx_hal_msp.o
LOAD ./Core/Src/stm32f4xx_it.o
LOAD ./Core/Src/syscalls.o
LOAD ./Core/Src/sysmem.o
LOAD ./Core/Src/system_stm32f4xx.o
LOAD ./Core/Startup/startup_stm32f429zitx.o
LOAD ./Drivers/STM32F4xx_HAL_Driver/Src/stm32f4xx_hal.o
LOAD ./Drivers/STM32F4xx_HAL_Driver/Src/stm32f4xx_hal_adc.o
LOAD ./Drivers/STM32F4xx_HAL_Driver/Src/stm32f4xx_hal_adc_ex.o
LOAD ./Drivers/STM32F4xx_HAL_Driver/Src/stm32f4xx_hal_cortex.o
LOAD ./Drivers/STM32F4xx_HAL_Driver/Src/stm32f4xx_hal_dma.o
LOAD ./Drivers/STM32F4xx_HAL_Driver/Src/stm32f4xx_hal_dma_ex.o
LOAD ./Drivers/STM32F4xx_HAL_Driver/Src/stm32f4xx_hal_exti.o
LOAD ./Drivers/STM32F4xx_HAL_Driver/Src/stm32f4xx_hal_flash.o
LOAD ./Drivers/STM32F4xx_HAL_Driver/Src/stm32f4xx_hal_flash_ex.o
LOAD ./Drivers/STM32F4xx_HAL_Driver/Src/stm32f4xx_hal_flash_ramfunc.o
LOAD ./Drivers/STM32F4xx_HAL_Driver/Src/stm32f4xx_hal_gpio.o
LOAD ./Drivers/STM32F4xx_HAL_Driver/Src/stm32f4xx_hal_pwr.o
LOAD ./Drivers/STM32F4xx_HAL_Driver/Src/stm32f4xx_hal_pwr_ex.o
LOAD ./Drivers/STM32F4xx_HAL_Driver/Src/stm32f4xx_hal_rcc.o
LOAD ./Drivers/STM32F4xx_HAL_Driver/Src/stm32f4xx_hal_rcc_ex.o
LOAD ./Drivers/STM32F4xx_HAL_Driver/Src/stm32f4xx_hal_spi.o
LOAD ./Drivers/STM32F4xx_HAL_Driver/Src/stm32f4xx_hal_tim.o
LOAD ./Drivers/STM32F4xx_HAL_Driver/Src/stm32f4xx_hal_tim_ex.o
LOAD ./Drivers/STM32F4xx_HAL_Driver/Src/stm32f4xx_hal_uart.o
LOAD ./Drivers/STM32F4xx_HAL_Driver/Src/stm32f4xx_ll_adc.o
START GROUP
LOAD C:/ST/STM32CubeIDE_1.14.0/STM32CubeIDE/plugins/com.st.stm32cube.ide.mcu.externaltools.gnu-tools-for-stm32.11.3.rel1.win32_1.1.100.202309141235/tools/bin/../lib/gcc/arm-none-eabi/11.3.1/../../../../arm-none-eabi/lib/thumb/v7e-m+fp/hard\libc_nano.a
LOAD C:/ST/STM32CubeIDE_1.14.0/STM32CubeIDE/plugins/com.st.stm32cube.ide.mcu.externaltools.gnu-tools-for-stm32.11.3.rel1.win32_1.1.100.202309141235/tools/bin/../lib/gcc/arm-none-eabi/11.3.1/../../../../arm-none-eabi/lib/thumb/v7e-m+fp/hard\libm.a
END GROUP
START GROUP
LOAD C:/ST/STM32CubeIDE_1.14.0/STM32CubeIDE/plugins/com.st.stm32cube.ide.mcu.externaltools.gnu-tools-for-stm32.11.3.rel1.win32_1.1.100.202309141235/tools/bin/../lib/gcc/arm-none-eabi/11.3.1/thumb/v7e-m+fp/hard\libgcc.a
LOAD C:/ST/STM32CubeIDE_1.14.0/STM32CubeIDE/plugins/com.st.stm32cube.ide.mcu.externaltools.gnu-tools-for-stm32.11.3.rel1.win32_1.1.100.202309141235/tools/bin/../lib/gcc/arm-none-eabi/11.3.1/../../../../arm-none-eabi/lib/thumb/v7e-m+fp/hard\libc_nano.a
END GROUP
START GROUP
LOAD C:/ST/STM32CubeIDE_1.14.0/STM32CubeIDE/plugins/com.st.stm32cube.ide.mcu.externaltools.gnu-tools-for-stm32.11.3.rel1.win32_1.1.100.202309141235/tools/bin/../lib/gcc/arm-none-eabi/11.3.1/thumb/v7e-m+fp/hard\libgcc.a
LOAD C:/ST/STM32CubeIDE_1.14.0/STM32CubeIDE/plugins/com.st.stm32cube.ide.mcu.externaltools.gnu-tools-for-stm32.11.3.rel1.win32_1.1.100.202309141235/tools/bin/../lib/gcc/arm-none-eabi/11.3.1/../../../../arm-none-eabi/lib/thumb/v7e-m+fp/hard\libc_nano.a
LOAD C:/ST/STM32CubeIDE_1.14.0/STM32CubeIDE/plugins/com.st.stm32cube.ide.mcu.externaltools.gnu-tools-for-stm32.11.3.rel1.win32_1.1.100.202309141235/tools/bin/../lib/gcc/arm-none-eabi/11.3.1/../../../../arm-none-eabi/lib/thumb/v7e-m+fp/hard\libnosys.a
END GROUP
START GROUP
LOAD C:/ST/STM32CubeIDE_1.14.0/STM32CubeIDE/plugins/com.st.stm32cube.ide.mcu.externaltools.gnu-tools-for-stm32.11.3.rel1.win32_1.1.100.202309141235/tools/bin/../lib/gcc/arm-none-eabi/11.3.1/thumb/v7e-m+fp/hard\libgcc.a
LOAD C:/ST/STM32CubeIDE_1.14.0/STM32CubeIDE/plugins/com.st.stm32cube.ide.mcu.externaltools.gnu-tools-for-stm32.11.3.rel1.win32_1.1.100.202309141235/tools/bin/../lib/gcc/arm-none-eabi/11.3.1/../../../../arm-none-eabi/lib/thumb/v7e-m+fp/hard\libc_nano.a
LOAD C:/ST/STM32CubeIDE_1.14.0/STM32CubeIDE/plugins/com.st.stm32cube.ide.mcu.externaltools.gnu-tools-for-stm32.11.3.rel1.win32_1.1.100.202309141235/tools/bin/../lib/gcc/arm-none-eabi/11.3.1/../../../../arm-none-eabi/lib/thumb/v7e-m+fp/hard\libnosys.a
END GROUP
LOAD C:/ST/STM32CubeIDE_1.14.0/STM32CubeIDE/plugins/com.st.stm32cube.ide.mcu.externaltools.gnu-tools-for-stm32.11.3.rel1.win32_1.1.100.202309141235/tools/bin/../lib/gcc/arm-none-eabi/11.3.1/thumb/v7e-m+fp/hard/crtend.o
LOAD C:/ST/STM32CubeIDE_1.14.0/STM32CubeIDE/plugins/com.st.stm32cube.ide.mcu.externaltools.gnu-tools-for-stm32.11.3.rel1.win32_1.1.100.202309141235/tools/bin/../lib/gcc/arm-none-eabi/11.3.1/thumb/v7e-m+fp/hard/crtn.o
                0x0000000020030000                _estack = (ORIGIN (RAM) + LENGTH (RAM))
                0x0000000000000200                _Min_Heap_Size = 0x200
                0x0000000000000400                _Min_Stack_Size = 0x400

.isr_vector     0x0000000008000000      0x1ac
                0x0000000008000000                . = ALIGN (0x4)
 *(.isr_vector)
 .isr_vector    0x0000000008000000      0x1ac ./Core/Startup/startup_stm32f429zitx.o
                0x0000000008000000                g_pfnVectors
                0x00000000080001ac                . = ALIGN (0x4)

.text           0x00000000080001b0     0x6bb4
                0x00000000080001b0                . = ALIGN (0x4)
 *(.text)
 .text          0x00000000080001b0       0x40 C:/ST/STM32CubeIDE_1.14.0/STM32CubeIDE/plugins/com.st.stm32cube.ide.mcu.externaltools.gnu-tools-for-stm32.11.3.rel1.win32_1.1.100.202309141235/tools/bin/../lib/gcc/arm-none-eabi/11.3.1/thumb/v7e-m+fp/hard/crtbegin.o
 .text          0x00000000080001f0       0x14 C:/ST/STM32CubeIDE_1.14.0/STM32CubeIDE/plugins/com.st.stm32cube.ide.mcu.externaltools.gnu-tools-for-stm32.11.3.rel1.win32_1.1.100.202309141235/tools/bin/../lib/gcc/arm-none-eabi/11.3.1/../../../../arm-none-eabi/lib/thumb/v7e-m+fp/hard\libc_nano.a(libc_a-strcmp.o)
                0x00000000080001f0                strcmp
 *fill*         0x0000000008000204        0xc 
 .text          0x0000000008000210       0xa0 C:/ST/STM32CubeIDE_1.14.0/STM32CubeIDE/plugins/com.st.stm32cube.ide.mcu.externaltools.gnu-tools-for-stm32.11.3.rel1.win32_1.1.100.202309141235/tools/bin/../lib/gcc/arm-none-eabi/11.3.1/../../../../arm-none-eabi/lib/thumb/v7e-m+fp/hard\libc_nano.a(libc_a-memchr.o)
                0x0000000008000210                memchr
 .text          0x00000000080002b0       0x30 C:/ST/STM32CubeIDE_1.14.0/STM32CubeIDE/plugins/com.st.stm32cube.ide.mcu.externaltools.gnu-tools-for-stm32.11.3.rel1.win32_1.1.100.202309141235/tools/bin/../lib/gcc/arm-none-eabi/11.3.1/thumb/v7e-m+fp/hard\libgcc.a(_aeabi_uldivmod.o)
                0x00000000080002b0                __aeabi_uldivmod
 .text          0x00000000080002e0      0x2c8 C:/ST/STM32CubeIDE_1.14.0/STM32CubeIDE/plugins/com.st.stm32cube.ide.mcu.externaltools.gnu-tools-for-stm32.11.3.rel1.win32_1.1.100.202309141235/tools/bin/../lib/gcc/arm-none-eabi/11.3.1/thumb/v7e-m+fp/hard\libgcc.a(_udivmoddi4.o)
                0x00000000080002e0                __udivmoddi4
 .text          0x00000000080005a8        0x4 C:/ST/STM32CubeIDE_1.14.0/STM32CubeIDE/plugins/com.st.stm32cube.ide.mcu.externaltools.gnu-tools-for-stm32.11.3.rel1.win32_1.1.100.202309141235/tools/bin/../lib/gcc/arm-none-eabi/11.3.1/thumb/v7e-m+fp/hard\libgcc.a(_dvmd_tls.o)
                0x00000000080005a8                __aeabi_idiv0
                0x00000000080005a8                __aeabi_ldiv0
 *(.text*)
 .text.apInit   0x00000000080005ac       0x70 ./App/ap.o
                0x00000000080005ac                apInit
 .text.apMain   0x000000000800061c      0x158 ./App/ap.o
                0x000000000800061c                apMain
 .text.infoCli  0x0000000008000774      0x190 ./App/ap.o
 .text.adcInit  0x0000000008000904       0x1c ./App/src/adc.o
                0x0000000008000904                adcInit
 .text.adcRead  0x0000000008000920       0x2c ./App/src/adc.o
                0x0000000008000920                adcRead
 .text.adcReadVoltage
                0x000000000800094c       0x36 ./App/src/adc.o
                0x000000000800094c                adcReadVoltage
 .text.btnGpioInit
                0x0000000008000982       0x18 ./App/src/btn_gpio.o
                0x0000000008000982                btnGpioInit
 *fill*         0x000000000800099a        0x2 
 .text.btnGpioGetPressed
                0x000000000800099c       0x70 ./App/src/btn_gpio.o
                0x000000000800099c                btnGpioGetPressed
 .text.buttonInit
                0x0000000008000a0c       0x10 ./App/src/button.o
                0x0000000008000a0c                buttonInit
 .text.buttonGetPressed
                0x0000000008000a1c       0x58 ./App/src/button.o
                0x0000000008000a1c                buttonGetPressed
 .text.cliInit  0x0000000008000a74       0x58 ./App/src/cli.o
                0x0000000008000a74                cliInit
 .text.cliHelp  0x0000000008000acc       0x60 ./App/src/cli.o
 .text.cliAdd   0x0000000008000b2c       0x68 ./App/src/cli.o
                0x0000000008000b2c                cliAdd
 .text.cliPrintf
                0x0000000008000b94       0x28 ./App/src/cli.o
                0x0000000008000b94                cliPrintf
 .text.cliIsStr
                0x0000000008000bbc       0x26 ./App/src/cli.o
                0x0000000008000bbc                cliIsStr
 .text.cliGetData
                0x0000000008000be2       0x20 ./App/src/cli.o
                0x0000000008000be2                cliGetData
 .text.cliKeepLoop
                0x0000000008000c02       0x1c ./App/src/cli.o
                0x0000000008000c02                cliKeepLoop
 *fill*         0x0000000008000c1e        0x2 
 .text.cliMain  0x0000000008000c20      0x164 ./App/src/cli.o
                0x0000000008000c20                cliMain
 .text.gpioInit
                0x0000000008000d84       0x74 ./App/src/gpio.o
                0x0000000008000d84                gpioInit
 .text.gpioPinMode
                0x0000000008000df8      0x178 ./App/src/gpio.o
                0x0000000008000df8                gpioPinMode
 .text.gpioPinWrite
                0x0000000008000f70       0xa4 ./App/src/gpio.o
                0x0000000008000f70                gpioPinWrite
 .text.gpioPinRead
                0x0000000008001014       0x70 ./App/src/gpio.o
                0x0000000008001014                gpioPinRead
 .text.cliGpio  0x0000000008001084      0x17c ./App/src/gpio.o
 .text.ledInit  0x0000000008001200       0x64 ./App/src/led.o
                0x0000000008001200                ledInit
 .text.ledOn    0x0000000008001264       0x40 ./App/src/led.o
                0x0000000008001264                ledOn
 .text.ledOff   0x00000000080012a4       0x40 ./App/src/led.o
                0x00000000080012a4                ledOff
 .text.ledDuty  0x00000000080012e4       0x34 ./App/src/led.o
                0x00000000080012e4                ledDuty
 .text.pwmInit  0x0000000008001318       0x20 ./App/src/pwm.o
                0x0000000008001318                pwmInit
 .text.pwmWrite
                0x0000000008001338       0x30 ./App/src/pwm.o
                0x0000000008001338                pwmWrite
 .text.pwmRead  0x0000000008001368       0x30 ./App/src/pwm.o
                0x0000000008001368                pwmRead
 .text.spiInit  0x0000000008001398       0x58 ./App/src/spi.o
                0x0000000008001398                spiInit
 .text.uartInit
                0x00000000080013f0       0x20 ./App/src/uart.o
                0x00000000080013f0                uartInit
 .text.uartWrite
                0x0000000008001410       0x44 ./App/src/uart.o
                0x0000000008001410                uartWrite
 .text.uartAvailable
                0x0000000008001454       0x64 ./App/src/uart.o
                0x0000000008001454                uartAvailable
 .text.uartRead
                0x00000000080014b8       0x60 ./App/src/uart.o
                0x00000000080014b8                uartRead
 .text.uartPrintf
                0x0000000008001518       0x72 ./App/src/uart.o
                0x0000000008001518                uartPrintf
 .text.uartVPrintf
                0x000000000800158a       0x82 ./App/src/uart.o
                0x000000000800158a                uartVPrintf
 .text.delay    0x000000000800160c       0x16 ./App/src/utils.o
                0x000000000800160c                delay
 .text.millis   0x0000000008001622        0xe ./App/src/utils.o
                0x0000000008001622                millis
 .text.CLCD_Write_Instruction
                0x0000000008001630      0x184 ./App/src/clcd/CLCD.o
                0x0000000008001630                CLCD_Write_Instruction
 .text.CLCD_Write_Display
                0x00000000080017b4      0x184 ./App/src/clcd/CLCD.o
                0x00000000080017b4                CLCD_Write_Display
 .text.CLCD_Gotoxy
                0x0000000008001938       0x40 ./App/src/clcd/CLCD.o
                0x0000000008001938                CLCD_Gotoxy
 .text.CLCD_Puts
                0x0000000008001978       0x4a ./App/src/clcd/CLCD.o
                0x0000000008001978                CLCD_Puts
 .text.CLCD_Init
                0x00000000080019c2       0x44 ./App/src/clcd/CLCD.o
                0x00000000080019c2                CLCD_Init
 .text.CLCD_Clear
                0x0000000008001a06       0x14 ./App/src/clcd/CLCD.o
                0x0000000008001a06                CLCD_Clear
 .text.main     0x0000000008001a1a       0x2e ./Core/Src/main.o
                0x0000000008001a1a                main
 .text.SystemClock_Config
                0x0000000008001a48       0xd4 ./Core/Src/main.o
                0x0000000008001a48                SystemClock_Config
 .text.MX_ADC1_Init
                0x0000000008001b1c       0xe0 ./Core/Src/main.o
 .text.MX_SPI4_Init
                0x0000000008001bfc       0x6c ./Core/Src/main.o
 .text.MX_TIM1_Init
                0x0000000008001c68      0x140 ./Core/Src/main.o
 .text.MX_USART3_UART_Init
                0x0000000008001da8       0x54 ./Core/Src/main.o
 .text.MX_DMA_Init
                0x0000000008001dfc       0x7c ./Core/Src/main.o
 .text.MX_GPIO_Init
                0x0000000008001e78      0x190 ./Core/Src/main.o
 .text.Error_Handler
                0x0000000008002008        0xa ./Core/Src/main.o
                0x0000000008002008                Error_Handler
 *fill*         0x0000000008002012        0x2 
 .text.HAL_MspInit
                0x0000000008002014       0x50 ./Core/Src/stm32f4xx_hal_msp.o
                0x0000000008002014                HAL_MspInit
 .text.HAL_ADC_MspInit
                0x0000000008002064       0xf0 ./Core/Src/stm32f4xx_hal_msp.o
                0x0000000008002064                HAL_ADC_MspInit
 .text.HAL_SPI_MspInit
                0x0000000008002154      0x108 ./Core/Src/stm32f4xx_hal_msp.o
                0x0000000008002154                HAL_SPI_MspInit
 .text.HAL_TIM_Base_MspInit
                0x000000000800225c       0x44 ./Core/Src/stm32f4xx_hal_msp.o
                0x000000000800225c                HAL_TIM_Base_MspInit
 .text.HAL_TIM_MspPostInit
                0x00000000080022a0       0x74 ./Core/Src/stm32f4xx_hal_msp.o
                0x00000000080022a0                HAL_TIM_MspPostInit
 .text.HAL_UART_MspInit
                0x0000000008002314       0xf8 ./Core/Src/stm32f4xx_hal_msp.o
                0x0000000008002314                HAL_UART_MspInit
 .text.NMI_Handler
                0x000000000800240c        0x6 ./Core/Src/stm32f4xx_it.o
                0x000000000800240c                NMI_Handler
 .text.HardFault_Handler
                0x0000000008002412        0x6 ./Core/Src/stm32f4xx_it.o
                0x0000000008002412                HardFault_Handler
 .text.MemManage_Handler
                0x0000000008002418        0x6 ./Core/Src/stm32f4xx_it.o
                0x0000000008002418                MemManage_Handler
 .text.BusFault_Handler
                0x000000000800241e        0x6 ./Core/Src/stm32f4xx_it.o
                0x000000000800241e                BusFault_Handler
 .text.UsageFault_Handler
                0x0000000008002424        0x6 ./Core/Src/stm32f4xx_it.o
                0x0000000008002424                UsageFault_Handler
 .text.SVC_Handler
                0x000000000800242a        0xe ./Core/Src/stm32f4xx_it.o
                0x000000000800242a                SVC_Handler
 .text.DebugMon_Handler
                0x0000000008002438        0xe ./Core/Src/stm32f4xx_it.o
                0x0000000008002438                DebugMon_Handler
 .text.PendSV_Handler
                0x0000000008002446        0xe ./Core/Src/stm32f4xx_it.o
                0x0000000008002446                PendSV_Handler
 .text.SysTick_Handler
                0x0000000008002454        0xc ./Core/Src/stm32f4xx_it.o
                0x0000000008002454                SysTick_Handler
 .text.DMA1_Stream1_IRQHandler
                0x0000000008002460       0x14 ./Core/Src/stm32f4xx_it.o
                0x0000000008002460                DMA1_Stream1_IRQHandler
 .text.DMA2_Stream0_IRQHandler
                0x0000000008002474       0x14 ./Core/Src/stm32f4xx_it.o
                0x0000000008002474                DMA2_Stream0_IRQHandler
 .text.DMA2_Stream1_IRQHandler
                0x0000000008002488       0x14 ./Core/Src/stm32f4xx_it.o
                0x0000000008002488                DMA2_Stream1_IRQHandler
 .text.SPI4_IRQHandler
                0x000000000800249c       0x14 ./Core/Src/stm32f4xx_it.o
                0x000000000800249c                SPI4_IRQHandler
 .text._sbrk    0x00000000080024b0       0x6c ./Core/Src/sysmem.o
                0x00000000080024b0                _sbrk
 .text.SystemInit
                0x000000000800251c       0x24 ./Core/Src/system_stm32f4xx.o
                0x000000000800251c                SystemInit
 .text.Reset_Handler
                0x0000000008002540       0x50 ./Core/Startup/startup_stm32f429zitx.o
                0x0000000008002540                Reset_Handler
 .text.Default_Handler
                0x0000000008002590        0x2 ./Core/Startup/startup_stm32f429zitx.o
                0x0000000008002590                RTC_Alarm_IRQHandler
                0x0000000008002590                HASH_RNG_IRQHandler
                0x0000000008002590                EXTI2_IRQHandler
                0x0000000008002590                TIM8_CC_IRQHandler
                0x0000000008002590                UART8_IRQHandler
                0x0000000008002590                TIM1_CC_IRQHandler
                0x0000000008002590                DMA2_Stream5_IRQHandler
                0x0000000008002590                DMA1_Stream5_IRQHandler
                0x0000000008002590                PVD_IRQHandler
                0x0000000008002590                SDIO_IRQHandler
                0x0000000008002590                TAMP_STAMP_IRQHandler
                0x0000000008002590                CAN2_RX1_IRQHandler
                0x0000000008002590                EXTI3_IRQHandler
                0x0000000008002590                TIM8_TRG_COM_TIM14_IRQHandler
                0x0000000008002590                TIM1_UP_TIM10_IRQHandler
                0x0000000008002590                TIM8_UP_TIM13_IRQHandler
                0x0000000008002590                I2C3_ER_IRQHandler
                0x0000000008002590                EXTI0_IRQHandler
                0x0000000008002590                I2C2_EV_IRQHandler
                0x0000000008002590                DMA1_Stream2_IRQHandler
                0x0000000008002590                CAN1_RX0_IRQHandler
                0x0000000008002590                FPU_IRQHandler
                0x0000000008002590                OTG_HS_WKUP_IRQHandler
                0x0000000008002590                LTDC_ER_IRQHandler
                0x0000000008002590                CAN2_SCE_IRQHandler
                0x0000000008002590                DMA2_Stream2_IRQHandler
                0x0000000008002590                SPI1_IRQHandler
                0x0000000008002590                TIM6_DAC_IRQHandler
                0x0000000008002590                TIM1_BRK_TIM9_IRQHandler
                0x0000000008002590                DCMI_IRQHandler
                0x0000000008002590                CAN2_RX0_IRQHandler
                0x0000000008002590                DMA2_Stream3_IRQHandler
                0x0000000008002590                USART6_IRQHandler
                0x0000000008002590                USART3_IRQHandler
                0x0000000008002590                CAN1_RX1_IRQHandler
                0x0000000008002590                UART5_IRQHandler
                0x0000000008002590                TIM4_IRQHandler
                0x0000000008002590                I2C1_EV_IRQHandler
                0x0000000008002590                DMA1_Stream6_IRQHandler
                0x0000000008002590                UART4_IRQHandler
                0x0000000008002590                TIM3_IRQHandler
                0x0000000008002590                RCC_IRQHandler
                0x0000000008002590                TIM8_BRK_TIM12_IRQHandler
                0x0000000008002590                Default_Handler
                0x0000000008002590                EXTI15_10_IRQHandler
                0x0000000008002590                ADC_IRQHandler
                0x0000000008002590                DMA1_Stream7_IRQHandler
                0x0000000008002590                SPI5_IRQHandler
                0x0000000008002590                TIM7_IRQHandler
                0x0000000008002590                CAN2_TX_IRQHandler
                0x0000000008002590                TIM5_IRQHandler
                0x0000000008002590                DMA2_Stream7_IRQHandler
                0x0000000008002590                I2C3_EV_IRQHandler
                0x0000000008002590                EXTI9_5_IRQHandler
                0x0000000008002590                RTC_WKUP_IRQHandler
                0x0000000008002590                LTDC_IRQHandler
                0x0000000008002590                ETH_WKUP_IRQHandler
                0x0000000008002590                SPI2_IRQHandler
                0x0000000008002590                OTG_HS_EP1_IN_IRQHandler
                0x0000000008002590                DMA1_Stream0_IRQHandler
                0x0000000008002590                CAN1_TX_IRQHandler
                0x0000000008002590                EXTI4_IRQHandler
                0x0000000008002590                ETH_IRQHandler
                0x0000000008002590                OTG_HS_EP1_OUT_IRQHandler
                0x0000000008002590                WWDG_IRQHandler
                0x0000000008002590                SPI6_IRQHandler
                0x0000000008002590                TIM2_IRQHandler
                0x0000000008002590                OTG_FS_WKUP_IRQHandler
                0x0000000008002590                TIM1_TRG_COM_TIM11_IRQHandler
                0x0000000008002590                OTG_HS_IRQHandler
                0x0000000008002590                DMA2D_IRQHandler
                0x0000000008002590                EXTI1_IRQHandler
                0x0000000008002590                UART7_IRQHandler
                0x0000000008002590                USART2_IRQHandler
                0x0000000008002590                I2C2_ER_IRQHandler
                0x0000000008002590                CAN1_SCE_IRQHandler
                0x0000000008002590                FLASH_IRQHandler
                0x0000000008002590                DMA2_Stream4_IRQHandler
                0x0000000008002590                USART1_IRQHandler
                0x0000000008002590                OTG_FS_IRQHandler
                0x0000000008002590                SPI3_IRQHandler
                0x0000000008002590                DMA1_Stream4_IRQHandler
                0x0000000008002590                I2C1_ER_IRQHandler
                0x0000000008002590                FMC_IRQHandler
                0x0000000008002590                DMA2_Stream6_IRQHandler
                0x0000000008002590                SAI1_IRQHandler
                0x0000000008002590                DMA1_Stream3_IRQHandler
 *fill*         0x0000000008002592        0x2 
 .text.HAL_Init
                0x0000000008002594       0x44 ./Drivers/STM32F4xx_HAL_Driver/Src/stm32f4xx_hal.o
                0x0000000008002594                HAL_Init
 .text.HAL_InitTick
                0x00000000080025d8       0x60 ./Drivers/STM32F4xx_HAL_Driver/Src/stm32f4xx_hal.o
                0x00000000080025d8                HAL_InitTick
 .text.HAL_IncTick
                0x0000000008002638       0x28 ./Drivers/STM32F4xx_HAL_Driver/Src/stm32f4xx_hal.o
                0x0000000008002638                HAL_IncTick
 .text.HAL_GetTick
                0x0000000008002660       0x18 ./Drivers/STM32F4xx_HAL_Driver/Src/stm32f4xx_hal.o
                0x0000000008002660                HAL_GetTick
 .text.HAL_Delay
                0x0000000008002678       0x48 ./Drivers/STM32F4xx_HAL_Driver/Src/stm32f4xx_hal.o
                0x0000000008002678                HAL_Delay
 .text.HAL_ADC_Init
                0x00000000080026c0       0x86 ./Drivers/STM32F4xx_HAL_Driver/Src/stm32f4xx_hal_adc.o
                0x00000000080026c0                HAL_ADC_Init
 *fill*         0x0000000008002746        0x2 
 .text.HAL_ADC_Start_DMA
                0x0000000008002748      0x220 ./Drivers/STM32F4xx_HAL_Driver/Src/stm32f4xx_hal_adc.o
                0x0000000008002748                HAL_ADC_Start_DMA
 .text.HAL_ADC_ConvCpltCallback
                0x0000000008002968       0x14 ./Drivers/STM32F4xx_HAL_Driver/Src/stm32f4xx_hal_adc.o
                0x0000000008002968                HAL_ADC_ConvCpltCallback
 .text.HAL_ADC_ConvHalfCpltCallback
                0x000000000800297c       0x14 ./Drivers/STM32F4xx_HAL_Driver/Src/stm32f4xx_hal_adc.o
                0x000000000800297c                HAL_ADC_ConvHalfCpltCallback
 .text.HAL_ADC_ErrorCallback
                0x0000000008002990       0x14 ./Drivers/STM32F4xx_HAL_Driver/Src/stm32f4xx_hal_adc.o
                0x0000000008002990                HAL_ADC_ErrorCallback
 .text.HAL_ADC_ConfigChannel
                0x00000000080029a4      0x264 ./Drivers/STM32F4xx_HAL_Driver/Src/stm32f4xx_hal_adc.o
                0x00000000080029a4                HAL_ADC_ConfigChannel
 .text.ADC_Init
                0x0000000008002c08      0x1f8 ./Drivers/STM32F4xx_HAL_Driver/Src/stm32f4xx_hal_adc.o
 .text.ADC_DMAConvCplt
                0x0000000008002e00       0xba ./Drivers/STM32F4xx_HAL_Driver/Src/stm32f4xx_hal_adc.o
 .text.ADC_DMAHalfConvCplt
                0x0000000008002eba       0x1c ./Drivers/STM32F4xx_HAL_Driver/Src/stm32f4xx_hal_adc.o
 .text.ADC_DMAError
                0x0000000008002ed6       0x2e ./Drivers/STM32F4xx_HAL_Driver/Src/stm32f4xx_hal_adc.o
 .text.__NVIC_SetPriorityGrouping
                0x0000000008002f04       0x48 ./Drivers/STM32F4xx_HAL_Driver/Src/stm32f4xx_hal_cortex.o
 .text.__NVIC_GetPriorityGrouping
                0x0000000008002f4c       0x1c ./Drivers/STM32F4xx_HAL_Driver/Src/stm32f4xx_hal_cortex.o
 .text.__NVIC_EnableIRQ
                0x0000000008002f68       0x3c ./Drivers/STM32F4xx_HAL_Driver/Src/stm32f4xx_hal_cortex.o
 .text.__NVIC_SetPriority
                0x0000000008002fa4       0x54 ./Drivers/STM32F4xx_HAL_Driver/Src/stm32f4xx_hal_cortex.o
 .text.NVIC_EncodePriority
                0x0000000008002ff8       0x66 ./Drivers/STM32F4xx_HAL_Driver/Src/stm32f4xx_hal_cortex.o
 *fill*         0x000000000800305e        0x2 
 .text.SysTick_Config
                0x0000000008003060       0x44 ./Drivers/STM32F4xx_HAL_Driver/Src/stm32f4xx_hal_cortex.o
 .text.HAL_NVIC_SetPriorityGrouping
                0x00000000080030a4       0x16 ./Drivers/STM32F4xx_HAL_Driver/Src/stm32f4xx_hal_cortex.o
                0x00000000080030a4                HAL_NVIC_SetPriorityGrouping
 .text.HAL_NVIC_SetPriority
                0x00000000080030ba       0x38 ./Drivers/STM32F4xx_HAL_Driver/Src/stm32f4xx_hal_cortex.o
                0x00000000080030ba                HAL_NVIC_SetPriority
 .text.HAL_NVIC_EnableIRQ
                0x00000000080030f2       0x1c ./Drivers/STM32F4xx_HAL_Driver/Src/stm32f4xx_hal_cortex.o
                0x00000000080030f2                HAL_NVIC_EnableIRQ
 .text.HAL_SYSTICK_Config
                0x000000000800310e       0x18 ./Drivers/STM32F4xx_HAL_Driver/Src/stm32f4xx_hal_cortex.o
                0x000000000800310e                HAL_SYSTICK_Config
 *fill*         0x0000000008003126        0x2 
 .text.HAL_DMA_Init
                0x0000000008003128      0x15c ./Drivers/STM32F4xx_HAL_Driver/Src/stm32f4xx_hal_dma.o
                0x0000000008003128                HAL_DMA_Init
 .text.HAL_DMA_Start_IT
                0x0000000008003284       0xb0 ./Drivers/STM32F4xx_HAL_Driver/Src/stm32f4xx_hal_dma.o
                0x0000000008003284                HAL_DMA_Start_IT
 .text.HAL_DMA_Abort_IT
                0x0000000008003334       0x44 ./Drivers/STM32F4xx_HAL_Driver/Src/stm32f4xx_hal_dma.o
                0x0000000008003334                HAL_DMA_Abort_IT
 .text.HAL_DMA_IRQHandler
                0x0000000008003378      0x314 ./Drivers/STM32F4xx_HAL_Driver/Src/stm32f4xx_hal_dma.o
                0x0000000008003378                HAL_DMA_IRQHandler
 .text.DMA_SetConfig
                0x000000000800368c       0x5c ./Drivers/STM32F4xx_HAL_Driver/Src/stm32f4xx_hal_dma.o
 .text.DMA_CalcBaseAndBitshift
                0x00000000080036e8       0x6c ./Drivers/STM32F4xx_HAL_Driver/Src/stm32f4xx_hal_dma.o
 .text.DMA_CheckFifoParam
                0x0000000008003754       0xf8 ./Drivers/STM32F4xx_HAL_Driver/Src/stm32f4xx_hal_dma.o
 .text.HAL_GPIO_Init
                0x000000000800384c      0x358 ./Drivers/STM32F4xx_HAL_Driver/Src/stm32f4xx_hal_gpio.o
                0x000000000800384c                HAL_GPIO_Init
 .text.HAL_GPIO_ReadPin
                0x0000000008003ba4       0x30 ./Drivers/STM32F4xx_HAL_Driver/Src/stm32f4xx_hal_gpio.o
                0x0000000008003ba4                HAL_GPIO_ReadPin
 .text.HAL_GPIO_WritePin
                0x0000000008003bd4       0x32 ./Drivers/STM32F4xx_HAL_Driver/Src/stm32f4xx_hal_gpio.o
                0x0000000008003bd4                HAL_GPIO_WritePin
 *fill*         0x0000000008003c06        0x2 
 .text.HAL_RCC_OscConfig
                0x0000000008003c08      0x4f0 ./Drivers/STM32F4xx_HAL_Driver/Src/stm32f4xx_hal_rcc.o
                0x0000000008003c08                HAL_RCC_OscConfig
 .text.HAL_RCC_ClockConfig
                0x00000000080040f8      0x1cc ./Drivers/STM32F4xx_HAL_Driver/Src/stm32f4xx_hal_rcc.o
                0x00000000080040f8                HAL_RCC_ClockConfig
 .text.HAL_RCC_GetSysClockFreq
                0x00000000080042c4      0x18c ./Drivers/STM32F4xx_HAL_Driver/Src/stm32f4xx_hal_rcc.o
                0x00000000080042c4                HAL_RCC_GetSysClockFreq
 .text.HAL_RCC_GetHCLKFreq
                0x0000000008004450       0x18 ./Drivers/STM32F4xx_HAL_Driver/Src/stm32f4xx_hal_rcc.o
                0x0000000008004450                HAL_RCC_GetHCLKFreq
 .text.HAL_RCC_GetPCLK1Freq
                0x0000000008004468       0x28 ./Drivers/STM32F4xx_HAL_Driver/Src/stm32f4xx_hal_rcc.o
                0x0000000008004468                HAL_RCC_GetPCLK1Freq
 .text.HAL_RCC_GetPCLK2Freq
                0x0000000008004490       0x28 ./Drivers/STM32F4xx_HAL_Driver/Src/stm32f4xx_hal_rcc.o
                0x0000000008004490                HAL_RCC_GetPCLK2Freq
 .text.HAL_SPI_Init
                0x00000000080044b8      0x112 ./Drivers/STM32F4xx_HAL_Driver/Src/stm32f4xx_hal_spi.o
                0x00000000080044b8                HAL_SPI_Init
 *fill*         0x00000000080045ca        0x2 
 .text.HAL_SPI_IRQHandler
                0x00000000080045cc      0x1e8 ./Drivers/STM32F4xx_HAL_Driver/Src/stm32f4xx_hal_spi.o
                0x00000000080045cc                HAL_SPI_IRQHandler
 .text.HAL_SPI_ErrorCallback
                0x00000000080047b4       0x14 ./Drivers/STM32F4xx_HAL_Driver/Src/stm32f4xx_hal_spi.o
                0x00000000080047b4                HAL_SPI_ErrorCallback
 .text.SPI_DMAAbortOnError
                0x00000000080047c8       0x28 ./Drivers/STM32F4xx_HAL_Driver/Src/stm32f4xx_hal_spi.o
 .text.HAL_TIM_Base_Init
                0x00000000080047f0       0x9e ./Drivers/STM32F4xx_HAL_Driver/Src/stm32f4xx_hal_tim.o
                0x00000000080047f0                HAL_TIM_Base_Init
 .text.HAL_TIM_PWM_Init
                0x000000000800488e       0x9e ./Drivers/STM32F4xx_HAL_Driver/Src/stm32f4xx_hal_tim.o
                0x000000000800488e                HAL_TIM_PWM_Init
 .text.HAL_TIM_PWM_MspInit
                0x000000000800492c       0x14 ./Drivers/STM32F4xx_HAL_Driver/Src/stm32f4xx_hal_tim.o
                0x000000000800492c                HAL_TIM_PWM_MspInit
 .text.HAL_TIM_PWM_Start
                0x0000000008004940      0x190 ./Drivers/STM32F4xx_HAL_Driver/Src/stm32f4xx_hal_tim.o
                0x0000000008004940                HAL_TIM_PWM_Start
 .text.HAL_TIM_PWM_ConfigChannel
                0x0000000008004ad0      0x184 ./Drivers/STM32F4xx_HAL_Driver/Src/stm32f4xx_hal_tim.o
                0x0000000008004ad0                HAL_TIM_PWM_ConfigChannel
 .text.HAL_TIM_ConfigClockSource
                0x0000000008004c54      0x18e ./Drivers/STM32F4xx_HAL_Driver/Src/stm32f4xx_hal_tim.o
                0x0000000008004c54                HAL_TIM_ConfigClockSource
 *fill*         0x0000000008004de2        0x2 
 .text.TIM_Base_SetConfig
                0x0000000008004de4      0x140 ./Drivers/STM32F4xx_HAL_Driver/Src/stm32f4xx_hal_tim.o
                0x0000000008004de4                TIM_Base_SetConfig
 .text.TIM_OC1_SetConfig
                0x0000000008004f24       0xe0 ./Drivers/STM32F4xx_HAL_Driver/Src/stm32f4xx_hal_tim.o
 .text.TIM_OC2_SetConfig
                0x0000000008005004       0xec ./Drivers/STM32F4xx_HAL_Driver/Src/stm32f4xx_hal_tim.o
                0x0000000008005004                TIM_OC2_SetConfig
 .text.TIM_OC3_SetConfig
                0x00000000080050f0       0xe8 ./Drivers/STM32F4xx_HAL_Driver/Src/stm32f4xx_hal_tim.o
 .text.TIM_OC4_SetConfig
                0x00000000080051d8       0xac ./Drivers/STM32F4xx_HAL_Driver/Src/stm32f4xx_hal_tim.o
 .text.TIM_TI1_ConfigInputStage
                0x0000000008005284       0x5e ./Drivers/STM32F4xx_HAL_Driver/Src/stm32f4xx_hal_tim.o
 .text.TIM_TI2_ConfigInputStage
                0x00000000080052e2       0x60 ./Drivers/STM32F4xx_HAL_Driver/Src/stm32f4xx_hal_tim.o
 .text.TIM_ITRx_SetConfig
                0x0000000008005342       0x36 ./Drivers/STM32F4xx_HAL_Driver/Src/stm32f4xx_hal_tim.o
 .text.TIM_ETR_SetConfig
                0x0000000008005378       0x40 ./Drivers/STM32F4xx_HAL_Driver/Src/stm32f4xx_hal_tim.o
                0x0000000008005378                TIM_ETR_SetConfig
 .text.TIM_CCxChannelCmd
                0x00000000080053b8       0x4a ./Drivers/STM32F4xx_HAL_Driver/Src/stm32f4xx_hal_tim.o
                0x00000000080053b8                TIM_CCxChannelCmd
 *fill*         0x0000000008005402        0x2 
 .text.HAL_TIMEx_MasterConfigSynchronization
                0x0000000008005404       0xf8 ./Drivers/STM32F4xx_HAL_Driver/Src/stm32f4xx_hal_tim_ex.o
                0x0000000008005404                HAL_TIMEx_MasterConfigSynchronization
 .text.HAL_TIMEx_ConfigBreakDeadTime
                0x00000000080054fc       0xa4 ./Drivers/STM32F4xx_HAL_Driver/Src/stm32f4xx_hal_tim_ex.o
                0x00000000080054fc                HAL_TIMEx_ConfigBreakDeadTime
 .text.HAL_UART_Init
                0x00000000080055a0       0x9a ./Drivers/STM32F4xx_HAL_Driver/Src/stm32f4xx_hal_uart.o
                0x00000000080055a0                HAL_UART_Init
 .text.HAL_UART_Transmit
                0x000000000800563a      0x124 ./Drivers/STM32F4xx_HAL_Driver/Src/stm32f4xx_hal_uart.o
                0x000000000800563a                HAL_UART_Transmit
 .text.HAL_UART_Receive_DMA
                0x000000000800575e       0x60 ./Drivers/STM32F4xx_HAL_Driver/Src/stm32f4xx_hal_uart.o
                0x000000000800575e                HAL_UART_Receive_DMA
 .text.HAL_UART_RxCpltCallback
                0x00000000080057be       0x14 ./Drivers/STM32F4xx_HAL_Driver/Src/stm32f4xx_hal_uart.o
                0x00000000080057be                HAL_UART_RxCpltCallback
 .text.HAL_UART_RxHalfCpltCallback
                0x00000000080057d2       0x14 ./Drivers/STM32F4xx_HAL_Driver/Src/stm32f4xx_hal_uart.o
                0x00000000080057d2                HAL_UART_RxHalfCpltCallback
 .text.HAL_UART_ErrorCallback
                0x00000000080057e6       0x14 ./Drivers/STM32F4xx_HAL_Driver/Src/stm32f4xx_hal_uart.o
                0x00000000080057e6                HAL_UART_ErrorCallback
 .text.HAL_UARTEx_RxEventCallback
                0x00000000080057fa       0x18 ./Drivers/STM32F4xx_HAL_Driver/Src/stm32f4xx_hal_uart.o
                0x00000000080057fa                HAL_UARTEx_RxEventCallback
 .text.UART_DMAReceiveCplt
                0x0000000008005812      0x126 ./Drivers/STM32F4xx_HAL_Driver/Src/stm32f4xx_hal_uart.o
 .text.UART_DMARxHalfCplt
                0x0000000008005938       0x36 ./Drivers/STM32F4xx_HAL_Driver/Src/stm32f4xx_hal_uart.o
 .text.UART_DMAError
                0x000000000800596e       0x94 ./Drivers/STM32F4xx_HAL_Driver/Src/stm32f4xx_hal_uart.o
 .text.UART_WaitOnFlagUntilTimeout
                0x0000000008005a02       0xdc ./Drivers/STM32F4xx_HAL_Driver/Src/stm32f4xx_hal_uart.o
 *fill*         0x0000000008005ade        0x2 
 .text.UART_Start_Receive_DMA
                0x0000000008005ae0      0x13c ./Drivers/STM32F4xx_HAL_Driver/Src/stm32f4xx_hal_uart.o
                0x0000000008005ae0                UART_Start_Receive_DMA
 .text.UART_EndTxTransfer
                0x0000000008005c1c       0x50 ./Drivers/STM32F4xx_HAL_Driver/Src/stm32f4xx_hal_uart.o
 .text.UART_EndRxTransfer
                0x0000000008005c6c       0xc6 ./Drivers/STM32F4xx_HAL_Driver/Src/stm32f4xx_hal_uart.o
 *fill*         0x0000000008005d32        0x2 
 .text.UART_SetConfig
                0x0000000008005d34      0x4e8 ./Drivers/STM32F4xx_HAL_Driver/Src/stm32f4xx_hal_uart.o
 .text._strtoul_l.constprop.0
                0x000000000800621c       0xe4 C:/ST/STM32CubeIDE_1.14.0/STM32CubeIDE/plugins/com.st.stm32cube.ide.mcu.externaltools.gnu-tools-for-stm32.11.3.rel1.win32_1.1.100.202309141235/tools/bin/../lib/gcc/arm-none-eabi/11.3.1/../../../../arm-none-eabi/lib/thumb/v7e-m+fp/hard\libc_nano.a(libc_a-strtoul.o)
 .text.strtoul  0x0000000008006300       0x14 C:/ST/STM32CubeIDE_1.14.0/STM32CubeIDE/plugins/com.st.stm32cube.ide.mcu.externaltools.gnu-tools-for-stm32.11.3.rel1.win32_1.1.100.202309141235/tools/bin/../lib/gcc/arm-none-eabi/11.3.1/../../../../arm-none-eabi/lib/thumb/v7e-m+fp/hard\libc_nano.a(libc_a-strtoul.o)
                0x0000000008006300                strtoul
 .text.sprintf  0x0000000008006314       0x40 C:/ST/STM32CubeIDE_1.14.0/STM32CubeIDE/plugins/com.st.stm32cube.ide.mcu.externaltools.gnu-tools-for-stm32.11.3.rel1.win32_1.1.100.202309141235/tools/bin/../lib/gcc/arm-none-eabi/11.3.1/../../../../arm-none-eabi/lib/thumb/v7e-m+fp/hard\libc_nano.a(libc_a-sprintf.o)
                0x0000000008006314                siprintf
                0x0000000008006314                sprintf
 .text._vsnprintf_r
                0x0000000008006354       0x56 C:/ST/STM32CubeIDE_1.14.0/STM32CubeIDE/plugins/com.st.stm32cube.ide.mcu.externaltools.gnu-tools-for-stm32.11.3.rel1.win32_1.1.100.202309141235/tools/bin/../lib/gcc/arm-none-eabi/11.3.1/../../../../arm-none-eabi/lib/thumb/v7e-m+fp/hard\libc_nano.a(libc_a-vsnprintf.o)
                0x0000000008006354                _vsniprintf_r
                0x0000000008006354                _vsnprintf_r
 *fill*         0x00000000080063aa        0x2 
 .text.vsnprintf
                0x00000000080063ac       0x1c C:/ST/STM32CubeIDE_1.14.0/STM32CubeIDE/plugins/com.st.stm32cube.ide.mcu.externaltools.gnu-tools-for-stm32.11.3.rel1.win32_1.1.100.202309141235/tools/bin/../lib/gcc/arm-none-eabi/11.3.1/../../../../arm-none-eabi/lib/thumb/v7e-m+fp/hard\libc_nano.a(libc_a-vsnprintf.o)
                0x00000000080063ac                vsniprintf
                0x00000000080063ac                vsnprintf
 .text.memset   0x00000000080063c8       0x10 C:/ST/STM32CubeIDE_1.14.0/STM32CubeIDE/plugins/com.st.stm32cube.ide.mcu.externaltools.gnu-tools-for-stm32.11.3.rel1.win32_1.1.100.202309141235/tools/bin/../lib/gcc/arm-none-eabi/11.3.1/../../../../arm-none-eabi/lib/thumb/v7e-m+fp/hard\libc_nano.a(libc_a-memset.o)
                0x00000000080063c8                memset
 .text.strncpy  0x00000000080063d8       0x26 C:/ST/STM32CubeIDE_1.14.0/STM32CubeIDE/plugins/com.st.stm32cube.ide.mcu.externaltools.gnu-tools-for-stm32.11.3.rel1.win32_1.1.100.202309141235/tools/bin/../lib/gcc/arm-none-eabi/11.3.1/../../../../arm-none-eabi/lib/thumb/v7e-m+fp/hard\libc_nano.a(libc_a-strncpy.o)
                0x00000000080063d8                strncpy
 .text.__strtok_r
                0x00000000080063fe       0x50 C:/ST/STM32CubeIDE_1.14.0/STM32CubeIDE/plugins/com.st.stm32cube.ide.mcu.externaltools.gnu-tools-for-stm32.11.3.rel1.win32_1.1.100.202309141235/tools/bin/../lib/gcc/arm-none-eabi/11.3.1/../../../../arm-none-eabi/lib/thumb/v7e-m+fp/hard\libc_nano.a(libc_a-strtok_r.o)
                0x00000000080063fe                __strtok_r
 .text.strtok_r
                0x000000000800644e        0x6 C:/ST/STM32CubeIDE_1.14.0/STM32CubeIDE/plugins/com.st.stm32cube.ide.mcu.externaltools.gnu-tools-for-stm32.11.3.rel1.win32_1.1.100.202309141235/tools/bin/../lib/gcc/arm-none-eabi/11.3.1/../../../../arm-none-eabi/lib/thumb/v7e-m+fp/hard\libc_nano.a(libc_a-strtok_r.o)
                0x000000000800644e                strtok_r
 .text.__errno  0x0000000008006454        0xc C:/ST/STM32CubeIDE_1.14.0/STM32CubeIDE/plugins/com.st.stm32cube.ide.mcu.externaltools.gnu-tools-for-stm32.11.3.rel1.win32_1.1.100.202309141235/tools/bin/../lib/gcc/arm-none-eabi/11.3.1/../../../../arm-none-eabi/lib/thumb/v7e-m+fp/hard\libc_nano.a(libc_a-errno.o)
                0x0000000008006454                __errno
 .text.__libc_init_array
                0x0000000008006460       0x48 C:/ST/STM32CubeIDE_1.14.0/STM32CubeIDE/plugins/com.st.stm32cube.ide.mcu.externaltools.gnu-tools-for-stm32.11.3.rel1.win32_1.1.100.202309141235/tools/bin/../lib/gcc/arm-none-eabi/11.3.1/../../../../arm-none-eabi/lib/thumb/v7e-m+fp/hard\libc_nano.a(libc_a-init.o)
                0x0000000008006460                __libc_init_array
 .text.__retarget_lock_acquire_recursive
                0x00000000080064a8        0x2 C:/ST/STM32CubeIDE_1.14.0/STM32CubeIDE/plugins/com.st.stm32cube.ide.mcu.externaltools.gnu-tools-for-stm32.11.3.rel1.win32_1.1.100.202309141235/tools/bin/../lib/gcc/arm-none-eabi/11.3.1/../../../../arm-none-eabi/lib/thumb/v7e-m+fp/hard\libc_nano.a(libc_a-lock.o)
                0x00000000080064a8                __retarget_lock_acquire_recursive
 .text.__retarget_lock_release_recursive
                0x00000000080064aa        0x2 C:/ST/STM32CubeIDE_1.14.0/STM32CubeIDE/plugins/com.st.stm32cube.ide.mcu.externaltools.gnu-tools-for-stm32.11.3.rel1.win32_1.1.100.202309141235/tools/bin/../lib/gcc/arm-none-eabi/11.3.1/../../../../arm-none-eabi/lib/thumb/v7e-m+fp/hard\libc_nano.a(libc_a-lock.o)
                0x00000000080064aa                __retarget_lock_release_recursive
 .text._free_r  0x00000000080064ac       0x98 C:/ST/STM32CubeIDE_1.14.0/STM32CubeIDE/plugins/com.st.stm32cube.ide.mcu.externaltools.gnu-tools-for-stm32.11.3.rel1.win32_1.1.100.202309141235/tools/bin/../lib/gcc/arm-none-eabi/11.3.1/../../../../arm-none-eabi/lib/thumb/v7e-m+fp/hard\libc_nano.a(libc_a-freer.o)
                0x00000000080064ac                _free_r
 .text.sbrk_aligned
                0x0000000008006544       0x40 C:/ST/STM32CubeIDE_1.14.0/STM32CubeIDE/plugins/com.st.stm32cube.ide.mcu.externaltools.gnu-tools-for-stm32.11.3.rel1.win32_1.1.100.202309141235/tools/bin/../lib/gcc/arm-none-eabi/11.3.1/../../../../arm-none-eabi/lib/thumb/v7e-m+fp/hard\libc_nano.a(libc_a-mallocr.o)
 .text._malloc_r
                0x0000000008006584      0x100 C:/ST/STM32CubeIDE_1.14.0/STM32CubeIDE/plugins/com.st.stm32cube.ide.mcu.externaltools.gnu-tools-for-stm32.11.3.rel1.win32_1.1.100.202309141235/tools/bin/../lib/gcc/arm-none-eabi/11.3.1/../../../../arm-none-eabi/lib/thumb/v7e-m+fp/hard\libc_nano.a(libc_a-mallocr.o)
                0x0000000008006584                _malloc_r
 .text.__malloc_lock
                0x0000000008006684        0xc C:/ST/STM32CubeIDE_1.14.0/STM32CubeIDE/plugins/com.st.stm32cube.ide.mcu.externaltools.gnu-tools-for-stm32.11.3.rel1.win32_1.1.100.202309141235/tools/bin/../lib/gcc/arm-none-eabi/11.3.1/../../../../arm-none-eabi/lib/thumb/v7e-m+fp/hard\libc_nano.a(libc_a-mlock.o)
                0x0000000008006684                __malloc_lock
 .text.__malloc_unlock
                0x0000000008006690        0xc C:/ST/STM32CubeIDE_1.14.0/STM32CubeIDE/plugins/com.st.stm32cube.ide.mcu.externaltools.gnu-tools-for-stm32.11.3.rel1.win32_1.1.100.202309141235/tools/bin/../lib/gcc/arm-none-eabi/11.3.1/../../../../arm-none-eabi/lib/thumb/v7e-m+fp/hard\libc_nano.a(libc_a-mlock.o)
                0x0000000008006690                __malloc_unlock
 .text.__ssputs_r
                0x000000000800669c       0xb4 C:/ST/STM32CubeIDE_1.14.0/STM32CubeIDE/plugins/com.st.stm32cube.ide.mcu.externaltools.gnu-tools-for-stm32.11.3.rel1.win32_1.1.100.202309141235/tools/bin/../lib/gcc/arm-none-eabi/11.3.1/../../../../arm-none-eabi/lib/thumb/v7e-m+fp/hard\libc_nano.a(libc_a-nano-svfprintf.o)
                0x000000000800669c                __ssputs_r
 .text._svfprintf_r
                0x0000000008006750      0x1fc C:/ST/STM32CubeIDE_1.14.0/STM32CubeIDE/plugins/com.st.stm32cube.ide.mcu.externaltools.gnu-tools-for-stm32.11.3.rel1.win32_1.1.100.202309141235/tools/bin/../lib/gcc/arm-none-eabi/11.3.1/../../../../arm-none-eabi/lib/thumb/v7e-m+fp/hard\libc_nano.a(libc_a-nano-svfprintf.o)
                0x0000000008006750                _svfiprintf_r
                0x0000000008006750                _svfprintf_r
 .text._printf_common
                0x000000000800694c       0xda C:/ST/STM32CubeIDE_1.14.0/STM32CubeIDE/plugins/com.st.stm32cube.ide.mcu.externaltools.gnu-tools-for-stm32.11.3.rel1.win32_1.1.100.202309141235/tools/bin/../lib/gcc/arm-none-eabi/11.3.1/../../../../arm-none-eabi/lib/thumb/v7e-m+fp/hard\libc_nano.a(libc_a-nano-vfprintf_i.o)
                0x000000000800694c                _printf_common
 *fill*         0x0000000008006a26        0x2 
 .text._printf_i
                0x0000000008006a28      0x244 C:/ST/STM32CubeIDE_1.14.0/STM32CubeIDE/plugins/com.st.stm32cube.ide.mcu.externaltools.gnu-tools-for-stm32.11.3.rel1.win32_1.1.100.202309141235/tools/bin/../lib/gcc/arm-none-eabi/11.3.1/../../../../arm-none-eabi/lib/thumb/v7e-m+fp/hard\libc_nano.a(libc_a-nano-vfprintf_i.o)
                0x0000000008006a28                _printf_i
 .text.memmove  0x0000000008006c6c       0x34 C:/ST/STM32CubeIDE_1.14.0/STM32CubeIDE/plugins/com.st.stm32cube.ide.mcu.externaltools.gnu-tools-for-stm32.11.3.rel1.win32_1.1.100.202309141235/tools/bin/../lib/gcc/arm-none-eabi/11.3.1/../../../../arm-none-eabi/lib/thumb/v7e-m+fp/hard\libc_nano.a(libc_a-memmove.o)
                0x0000000008006c6c                memmove
 .text._sbrk_r  0x0000000008006ca0       0x20 C:/ST/STM32CubeIDE_1.14.0/STM32CubeIDE/plugins/com.st.stm32cube.ide.mcu.externaltools.gnu-tools-for-stm32.11.3.rel1.win32_1.1.100.202309141235/tools/bin/../lib/gcc/arm-none-eabi/11.3.1/../../../../arm-none-eabi/lib/thumb/v7e-m+fp/hard\libc_nano.a(libc_a-sbrkr.o)
                0x0000000008006ca0                _sbrk_r
 .text.memcpy   0x0000000008006cc0       0x1c C:/ST/STM32CubeIDE_1.14.0/STM32CubeIDE/plugins/com.st.stm32cube.ide.mcu.externaltools.gnu-tools-for-stm32.11.3.rel1.win32_1.1.100.202309141235/tools/bin/../lib/gcc/arm-none-eabi/11.3.1/../../../../arm-none-eabi/lib/thumb/v7e-m+fp/hard\libc_nano.a(libc_a-memcpy-stub.o)
                0x0000000008006cc0                memcpy
 .text._realloc_r
                0x0000000008006cdc       0x5e C:/ST/STM32CubeIDE_1.14.0/STM32CubeIDE/plugins/com.st.stm32cube.ide.mcu.externaltools.gnu-tools-for-stm32.11.3.rel1.win32_1.1.100.202309141235/tools/bin/../lib/gcc/arm-none-eabi/11.3.1/../../../../arm-none-eabi/lib/thumb/v7e-m+fp/hard\libc_nano.a(libc_a-reallocr.o)
                0x0000000008006cdc                _realloc_r
 .text._malloc_usable_size_r
                0x0000000008006d3a       0x10 C:/ST/STM32CubeIDE_1.14.0/STM32CubeIDE/plugins/com.st.stm32cube.ide.mcu.externaltools.gnu-tools-for-stm32.11.3.rel1.win32_1.1.100.202309141235/tools/bin/../lib/gcc/arm-none-eabi/11.3.1/../../../../arm-none-eabi/lib/thumb/v7e-m+fp/hard\libc_nano.a(libc_a-msizer.o)
                0x0000000008006d3a                _malloc_usable_size_r
 *(.glue_7)
 .glue_7        0x0000000008006d4a        0x0 linker stubs
 *(.glue_7t)
 .glue_7t       0x0000000008006d4a        0x0 linker stubs
 *(.eh_frame)
 *fill*         0x0000000008006d4a        0x2 
 .eh_frame      0x0000000008006d4c        0x0 C:/ST/STM32CubeIDE_1.14.0/STM32CubeIDE/plugins/com.st.stm32cube.ide.mcu.externaltools.gnu-tools-for-stm32.11.3.rel1.win32_1.1.100.202309141235/tools/bin/../lib/gcc/arm-none-eabi/11.3.1/thumb/v7e-m+fp/hard/crtbegin.o
 *(.init)
 .init          0x0000000008006d4c        0x4 C:/ST/STM32CubeIDE_1.14.0/STM32CubeIDE/plugins/com.st.stm32cube.ide.mcu.externaltools.gnu-tools-for-stm32.11.3.rel1.win32_1.1.100.202309141235/tools/bin/../lib/gcc/arm-none-eabi/11.3.1/thumb/v7e-m+fp/hard/crti.o
                0x0000000008006d4c                _init
 .init          0x0000000008006d50        0x8 C:/ST/STM32CubeIDE_1.14.0/STM32CubeIDE/plugins/com.st.stm32cube.ide.mcu.externaltools.gnu-tools-for-stm32.11.3.rel1.win32_1.1.100.202309141235/tools/bin/../lib/gcc/arm-none-eabi/11.3.1/thumb/v7e-m+fp/hard/crtn.o
 *(.fini)
 .fini          0x0000000008006d58        0x4 C:/ST/STM32CubeIDE_1.14.0/STM32CubeIDE/plugins/com.st.stm32cube.ide.mcu.externaltools.gnu-tools-for-stm32.11.3.rel1.win32_1.1.100.202309141235/tools/bin/../lib/gcc/arm-none-eabi/11.3.1/thumb/v7e-m+fp/hard/crti.o
                0x0000000008006d58                _fini
 .fini          0x0000000008006d5c        0x8 C:/ST/STM32CubeIDE_1.14.0/STM32CubeIDE/plugins/com.st.stm32cube.ide.mcu.externaltools.gnu-tools-for-stm32.11.3.rel1.win32_1.1.100.202309141235/tools/bin/../lib/gcc/arm-none-eabi/11.3.1/thumb/v7e-m+fp/hard/crtn.o
                0x0000000008006d64                . = ALIGN (0x4)
                0x0000000008006d64                _etext = .

.vfp11_veneer   0x0000000008006d64        0x0
 .vfp11_veneer  0x0000000008006d64        0x0 linker stubs

.v4_bx          0x0000000008006d64        0x0
 .v4_bx         0x0000000008006d64        0x0 linker stubs

.iplt           0x0000000008006d64        0x0
 .iplt          0x0000000008006d64        0x0 C:/ST/STM32CubeIDE_1.14.0/STM32CubeIDE/plugins/com.st.stm32cube.ide.mcu.externaltools.gnu-tools-for-stm32.11.3.rel1.win32_1.1.100.202309141235/tools/bin/../lib/gcc/arm-none-eabi/11.3.1/thumb/v7e-m+fp/hard/crtbegin.o

.rodata         0x0000000008006d64      0x324
                0x0000000008006d64                . = ALIGN (0x4)
 *(.rodata)
 .rodata        0x0000000008006d64       0xcc ./App/ap.o
 .rodata        0x0000000008006e30       0x3e ./App/src/cli.o
 *fill*         0x0000000008006e6e        0x2 
 .rodata        0x0000000008006e70       0xaf ./App/src/gpio.o
 *(.rodata*)
 *fill*         0x0000000008006f1f        0x1 
 .rodata.button_adc
                0x0000000008006f20       0x14 ./App/src/button.o
 .rodata.AHBPrescTable
                0x0000000008006f34       0x10 ./Core/Src/system_stm32f4xx.o
                0x0000000008006f34                AHBPrescTable
 .rodata.APBPrescTable
                0x0000000008006f44        0x8 ./Core/Src/system_stm32f4xx.o
                0x0000000008006f44                APBPrescTable
 .rodata.flagBitshiftOffset.0
                0x0000000008006f4c        0x8 ./Drivers/STM32F4xx_HAL_Driver/Src/stm32f4xx_hal_dma.o
 .rodata._ctype_
                0x0000000008006f54      0x101 C:/ST/STM32CubeIDE_1.14.0/STM32CubeIDE/plugins/com.st.stm32cube.ide.mcu.externaltools.gnu-tools-for-stm32.11.3.rel1.win32_1.1.100.202309141235/tools/bin/../lib/gcc/arm-none-eabi/11.3.1/../../../../arm-none-eabi/lib/thumb/v7e-m+fp/hard\libc_nano.a(libc_a-ctype_.o)
                0x0000000008006f54                _ctype_
 .rodata._svfprintf_r.str1.1
                0x0000000008007055       0x11 C:/ST/STM32CubeIDE_1.14.0/STM32CubeIDE/plugins/com.st.stm32cube.ide.mcu.externaltools.gnu-tools-for-stm32.11.3.rel1.win32_1.1.100.202309141235/tools/bin/../lib/gcc/arm-none-eabi/11.3.1/../../../../arm-none-eabi/lib/thumb/v7e-m+fp/hard\libc_nano.a(libc_a-nano-svfprintf.o)
 .rodata._printf_i.str1.1
                0x0000000008007066       0x22 C:/ST/STM32CubeIDE_1.14.0/STM32CubeIDE/plugins/com.st.stm32cube.ide.mcu.externaltools.gnu-tools-for-stm32.11.3.rel1.win32_1.1.100.202309141235/tools/bin/../lib/gcc/arm-none-eabi/11.3.1/../../../../arm-none-eabi/lib/thumb/v7e-m+fp/hard\libc_nano.a(libc_a-nano-vfprintf_i.o)
                0x0000000008007088                . = ALIGN (0x4)

.ARM.extab      0x0000000008007088        0x0
                0x0000000008007088                . = ALIGN (0x4)
 *(.ARM.extab* .gnu.linkonce.armextab.*)
                0x0000000008007088                . = ALIGN (0x4)

.ARM            0x0000000008007088        0x8
                0x0000000008007088                . = ALIGN (0x4)
                0x0000000008007088                __exidx_start = .
 *(.ARM.exidx*)
 .ARM.exidx     0x0000000008007088        0x8 C:/ST/STM32CubeIDE_1.14.0/STM32CubeIDE/plugins/com.st.stm32cube.ide.mcu.externaltools.gnu-tools-for-stm32.11.3.rel1.win32_1.1.100.202309141235/tools/bin/../lib/gcc/arm-none-eabi/11.3.1/thumb/v7e-m+fp/hard\libgcc.a(_udivmoddi4.o)
                0x0000000008007090                __exidx_end = .
                0x0000000008007090                . = ALIGN (0x4)

.rel.dyn        0x0000000008007090        0x0
 .rel.iplt      0x0000000008007090        0x0 C:/ST/STM32CubeIDE_1.14.0/STM32CubeIDE/plugins/com.st.stm32cube.ide.mcu.externaltools.gnu-tools-for-stm32.11.3.rel1.win32_1.1.100.202309141235/tools/bin/../lib/gcc/arm-none-eabi/11.3.1/thumb/v7e-m+fp/hard/crtbegin.o

.preinit_array  0x0000000008007090        0x0
                0x0000000008007090                . = ALIGN (0x4)
                0x0000000008007090                PROVIDE (__preinit_array_start = .)
 *(.preinit_array*)
                0x0000000008007090                PROVIDE (__preinit_array_end = .)
                0x0000000008007090                . = ALIGN (0x4)

.init_array     0x0000000008007090        0x4
                0x0000000008007090                . = ALIGN (0x4)
                0x0000000008007090                PROVIDE (__init_array_start = .)
 *(SORT_BY_NAME(.init_array.*))
 *(.init_array*)
 .init_array    0x0000000008007090        0x4 C:/ST/STM32CubeIDE_1.14.0/STM32CubeIDE/plugins/com.st.stm32cube.ide.mcu.externaltools.gnu-tools-for-stm32.11.3.rel1.win32_1.1.100.202309141235/tools/bin/../lib/gcc/arm-none-eabi/11.3.1/thumb/v7e-m+fp/hard/crtbegin.o
                0x0000000008007094                PROVIDE (__init_array_end = .)
                0x0000000008007094                . = ALIGN (0x4)

.fini_array     0x0000000008007094        0x4
                0x0000000008007094                . = ALIGN (0x4)
                [!provide]                        PROVIDE (__fini_array_start = .)
 *(SORT_BY_NAME(.fini_array.*))
 *(.fini_array*)
 .fini_array    0x0000000008007094        0x4 C:/ST/STM32CubeIDE_1.14.0/STM32CubeIDE/plugins/com.st.stm32cube.ide.mcu.externaltools.gnu-tools-for-stm32.11.3.rel1.win32_1.1.100.202309141235/tools/bin/../lib/gcc/arm-none-eabi/11.3.1/thumb/v7e-m+fp/hard/crtbegin.o
                [!provide]                        PROVIDE (__fini_array_end = .)
                0x0000000008007098                . = ALIGN (0x4)
                0x0000000008007098                _sidata = LOADADDR (.data)

.data           0x0000000020000000      0x100 load address 0x0000000008007098
                0x0000000020000000                . = ALIGN (0x4)
                0x0000000020000000                _sdata = .
 *(.data)
 *(.data*)
 .data.btn_gpio_tbl
                0x0000000020000000        0xc ./App/src/btn_gpio.o
                0x0000000020000000                btn_gpio_tbl
 .data.gpio_tbl
                0x000000002000000c       0x84 ./App/src/gpio.o
                0x000000002000000c                gpio_tbl
 .data.led_tbl  0x0000000020000090       0x10 ./App/src/led.o
                0x0000000020000090                led_tbl
 .data.led_duty
                0x00000000200000a0        0x2 ./App/src/led.o
 *fill*         0x00000000200000a2        0x2 
 .data.SystemCoreClock
                0x00000000200000a4        0x4 ./Core/Src/system_stm32f4xx.o
                0x00000000200000a4                SystemCoreClock
 .data.uwTickPrio
                0x00000000200000a8        0x4 ./Drivers/STM32F4xx_HAL_Driver/Src/stm32f4xx_hal.o
                0x00000000200000a8                uwTickPrio
 .data.uwTickFreq
                0x00000000200000ac        0x1 ./Drivers/STM32F4xx_HAL_Driver/Src/stm32f4xx_hal.o
                0x00000000200000ac                uwTickFreq
 *fill*         0x00000000200000ad        0x3 
 .data._impure_data
                0x00000000200000b0       0x4c C:/ST/STM32CubeIDE_1.14.0/STM32CubeIDE/plugins/com.st.stm32cube.ide.mcu.externaltools.gnu-tools-for-stm32.11.3.rel1.win32_1.1.100.202309141235/tools/bin/../lib/gcc/arm-none-eabi/11.3.1/../../../../arm-none-eabi/lib/thumb/v7e-m+fp/hard\libc_nano.a(libc_a-impure.o)
                0x00000000200000b0                _impure_data
 .data._impure_ptr
                0x00000000200000fc        0x4 C:/ST/STM32CubeIDE_1.14.0/STM32CubeIDE/plugins/com.st.stm32cube.ide.mcu.externaltools.gnu-tools-for-stm32.11.3.rel1.win32_1.1.100.202309141235/tools/bin/../lib/gcc/arm-none-eabi/11.3.1/../../../../arm-none-eabi/lib/thumb/v7e-m+fp/hard\libc_nano.a(libc_a-impure.o)
                0x00000000200000fc                _impure_ptr
 *(.RamFunc)
 *(.RamFunc*)
                0x0000000020000100                . = ALIGN (0x4)
                0x0000000020000100                _edata = .
                0x0000000008007198                _siccmram = LOADADDR (.ccmram)

.igot.plt       0x0000000020000100        0x0 load address 0x0000000008007198
 .igot.plt      0x0000000020000100        0x0 C:/ST/STM32CubeIDE_1.14.0/STM32CubeIDE/plugins/com.st.stm32cube.ide.mcu.externaltools.gnu-tools-for-stm32.11.3.rel1.win32_1.1.100.202309141235/tools/bin/../lib/gcc/arm-none-eabi/11.3.1/thumb/v7e-m+fp/hard/crtbegin.o

.ccmram         0x0000000010000000        0x0 load address 0x0000000008007198
                0x0000000010000000                . = ALIGN (0x4)
                0x0000000010000000                _sccmram = .
 *(.ccmram)
 *(.ccmram*)
                0x0000000010000000                . = ALIGN (0x4)
                0x0000000010000000                _eccmram = .
                0x0000000010000000                . = ALIGN (0x4)

.bss            0x0000000020000100      0x5f0
                0x0000000020000100                _sbss = .
                0x0000000020000100                __bss_start__ = _sbss
 *(.bss)
 .bss           0x0000000020000100       0x1c C:/ST/STM32CubeIDE_1.14.0/STM32CubeIDE/plugins/com.st.stm32cube.ide.mcu.externaltools.gnu-tools-for-stm32.11.3.rel1.win32_1.1.100.202309141235/tools/bin/../lib/gcc/arm-none-eabi/11.3.1/thumb/v7e-m+fp/hard/crtbegin.o
 *(.bss*)
 .bss.adc_vol   0x000000002000011c        0x4 ./App/ap.o
                0x000000002000011c                adc_vol
 .bss.adc_vol_temperature
                0x0000000020000120        0x4 ./App/ap.o
                0x0000000020000120                adc_vol_temperature
 .bss.adc_vol_vref
                0x0000000020000124        0x4 ./App/ap.o
                0x0000000020000124                adc_vol_vref
 .bss.button_data
                0x0000000020000128        0x5 ./App/ap.o
                0x0000000020000128                button_data
 *fill*         0x000000002000012d        0x3 
 .bss.adc_data  0x0000000020000130        0x6 ./App/src/adc.o
                0x0000000020000130                adc_data
 *fill*         0x0000000020000136        0x2 
 .bss.cli_buf   0x0000000020000138       0x80 ./App/src/cli.o
 .bss.cli_buf_index
                0x00000000200001b8        0x2 ./App/src/cli.o
 .bss.cli_argc  0x00000000200001ba        0x2 ./App/src/cli.o
 .bss.cli_argv  0x00000000200001bc       0x20 ./App/src/cli.o
 .bss.cli_cmd_count
                0x00000000200001dc        0x1 ./App/src/cli.o
 *fill*         0x00000000200001dd        0x3 
 .bss.cli_cmd_func
                0x00000000200001e0       0x60 ./App/src/cli.o
 .bss.spi_tbl   0x0000000020000240       0x10 ./App/src/spi.o
                0x0000000020000240                spi_tbl
 .bss.q_in      0x0000000020000250        0x2 ./App/src/uart.o
 .bss.q_out     0x0000000020000252        0x2 ./App/src/uart.o
 .bss.q_buf     0x0000000020000254      0x100 ./App/src/uart.o
 .bss.hadc1     0x0000000020000354       0x48 ./Core/Src/main.o
                0x0000000020000354                hadc1
 .bss.hdma_adc1
                0x000000002000039c       0x60 ./Core/Src/main.o
                0x000000002000039c                hdma_adc1
 .bss.hspi4     0x00000000200003fc       0x58 ./Core/Src/main.o
                0x00000000200003fc                hspi4
 .bss.hdma_spi4_tx
                0x0000000020000454       0x60 ./Core/Src/main.o
                0x0000000020000454                hdma_spi4_tx
 .bss.htim1     0x00000000200004b4       0x48 ./Core/Src/main.o
                0x00000000200004b4                htim1
 .bss.huart3    0x00000000200004fc       0x44 ./Core/Src/main.o
                0x00000000200004fc                huart3
 .bss.hdma_usart3_rx
                0x0000000020000540       0x60 ./Core/Src/main.o
                0x0000000020000540                hdma_usart3_rx
 .bss.__sbrk_heap_end
                0x00000000200005a0        0x4 ./Core/Src/sysmem.o
 .bss.uwTick    0x00000000200005a4        0x4 ./Drivers/STM32F4xx_HAL_Driver/Src/stm32f4xx_hal.o
                0x00000000200005a4                uwTick
 .bss.__sf      0x00000000200005a8      0x138 C:/ST/STM32CubeIDE_1.14.0/STM32CubeIDE/plugins/com.st.stm32cube.ide.mcu.externaltools.gnu-tools-for-stm32.11.3.rel1.win32_1.1.100.202309141235/tools/bin/../lib/gcc/arm-none-eabi/11.3.1/../../../../arm-none-eabi/lib/thumb/v7e-m+fp/hard\libc_nano.a(libc_a-findfp.o)
                0x00000000200005a8                __sf
 .bss.errno     0x00000000200006e0        0x4 C:/ST/STM32CubeIDE_1.14.0/STM32CubeIDE/plugins/com.st.stm32cube.ide.mcu.externaltools.gnu-tools-for-stm32.11.3.rel1.win32_1.1.100.202309141235/tools/bin/../lib/gcc/arm-none-eabi/11.3.1/../../../../arm-none-eabi/lib/thumb/v7e-m+fp/hard\libc_nano.a(libc_a-reent.o)
                0x00000000200006e0                errno
 .bss.__lock___malloc_recursive_mutex
                0x00000000200006e4        0x1 C:/ST/STM32CubeIDE_1.14.0/STM32CubeIDE/plugins/com.st.stm32cube.ide.mcu.externaltools.gnu-tools-for-stm32.11.3.rel1.win32_1.1.100.202309141235/tools/bin/../lib/gcc/arm-none-eabi/11.3.1/../../../../arm-none-eabi/lib/thumb/v7e-m+fp/hard\libc_nano.a(libc_a-lock.o)
                0x00000000200006e4                __lock___malloc_recursive_mutex
 *fill*         0x00000000200006e5        0x3 
 .bss.__malloc_free_list
                0x00000000200006e8        0x4 C:/ST/STM32CubeIDE_1.14.0/STM32CubeIDE/plugins/com.st.stm32cube.ide.mcu.externaltools.gnu-tools-for-stm32.11.3.rel1.win32_1.1.100.202309141235/tools/bin/../lib/gcc/arm-none-eabi/11.3.1/../../../../arm-none-eabi/lib/thumb/v7e-m+fp/hard\libc_nano.a(libc_a-mallocr.o)
                0x00000000200006e8                __malloc_free_list
 .bss.__malloc_sbrk_start
                0x00000000200006ec        0x4 C:/ST/STM32CubeIDE_1.14.0/STM32CubeIDE/plugins/com.st.stm32cube.ide.mcu.externaltools.gnu-tools-for-stm32.11.3.rel1.win32_1.1.100.202309141235/tools/bin/../lib/gcc/arm-none-eabi/11.3.1/../../../../arm-none-eabi/lib/thumb/v7e-m+fp/hard\libc_nano.a(libc_a-mallocr.o)
                0x00000000200006ec                __malloc_sbrk_start
 *(COMMON)
                0x00000000200006f0                . = ALIGN (0x4)
                0x00000000200006f0                _ebss = .
                0x00000000200006f0                __bss_end__ = _ebss

._user_heap_stack
                0x00000000200006f0      0x600
                0x00000000200006f0                . = ALIGN (0x8)
                [!provide]                        PROVIDE (end = .)
                0x00000000200006f0                PROVIDE (_end = .)
                0x00000000200008f0                . = (. + _Min_Heap_Size)
 *fill*         0x00000000200006f0      0x200 
                0x0000000020000cf0                . = (. + _Min_Stack_Size)
 *fill*         0x00000000200008f0      0x400 
                0x0000000020000cf0                . = ALIGN (0x8)

/DISCARD/
 libc.a(*)
 libm.a(*)
 libgcc.a(*)

.ARM.attributes
                0x0000000000000000       0x30
 *(.ARM.attributes)
 .ARM.attributes
                0x0000000000000000       0x1e C:/ST/STM32CubeIDE_1.14.0/STM32CubeIDE/plugins/com.st.stm32cube.ide.mcu.externaltools.gnu-tools-for-stm32.11.3.rel1.win32_1.1.100.202309141235/tools/bin/../lib/gcc/arm-none-eabi/11.3.1/thumb/v7e-m+fp/hard/crti.o
 .ARM.attributes
                0x000000000000001e       0x34 C:/ST/STM32CubeIDE_1.14.0/STM32CubeIDE/plugins/com.st.stm32cube.ide.mcu.externaltools.gnu-tools-for-stm32.11.3.rel1.win32_1.1.100.202309141235/tools/bin/../lib/gcc/arm-none-eabi/11.3.1/thumb/v7e-m+fp/hard/crtbegin.o
 .ARM.attributes
                0x0000000000000052       0x34 ./App/ap.o
 .ARM.attributes
                0x0000000000000086       0x34 ./App/src/adc.o
 .ARM.attributes
                0x00000000000000ba       0x34 ./App/src/btn_gpio.o
 .ARM.attributes
                0x00000000000000ee       0x34 ./App/src/button.o
 .ARM.attributes
                0x0000000000000122       0x34 ./App/src/cli.o
 .ARM.attributes
                0x0000000000000156       0x34 ./App/src/gpio.o
 .ARM.attributes
                0x000000000000018a       0x34 ./App/src/led.o
 .ARM.attributes
                0x00000000000001be       0x34 ./App/src/pwm.o
 .ARM.attributes
                0x00000000000001f2       0x34 ./App/src/spi.o
 .ARM.attributes
                0x0000000000000226       0x34 ./App/src/uart.o
 .ARM.attributes
                0x000000000000025a       0x34 ./App/src/utils.o
 .ARM.attributes
                0x000000000000028e       0x34 ./App/src/clcd/CLCD.o
 .ARM.attributes
                0x00000000000002c2       0x34 ./Core/Src/main.o
 .ARM.attributes
                0x00000000000002f6       0x34 ./Core/Src/stm32f4xx_hal_msp.o
 .ARM.attributes
                0x000000000000032a       0x34 ./Core/Src/stm32f4xx_it.o
 .ARM.attributes
                0x000000000000035e       0x34 ./Core/Src/sysmem.o
 .ARM.attributes
                0x0000000000000392       0x34 ./Core/Src/system_stm32f4xx.o
 .ARM.attributes
                0x00000000000003c6       0x21 ./Core/Startup/startup_stm32f429zitx.o
 .ARM.attributes
                0x00000000000003e7       0x34 ./Drivers/STM32F4xx_HAL_Driver/Src/stm32f4xx_hal.o
 .ARM.attributes
                0x000000000000041b       0x34 ./Drivers/STM32F4xx_HAL_Driver/Src/stm32f4xx_hal_adc.o
 .ARM.attributes
                0x000000000000044f       0x34 ./Drivers/STM32F4xx_HAL_Driver/Src/stm32f4xx_hal_cortex.o
 .ARM.attributes
                0x0000000000000483       0x34 ./Drivers/STM32F4xx_HAL_Driver/Src/stm32f4xx_hal_dma.o
 .ARM.attributes
                0x00000000000004b7       0x34 ./Drivers/STM32F4xx_HAL_Driver/Src/stm32f4xx_hal_gpio.o
 .ARM.attributes
                0x00000000000004eb       0x34 ./Drivers/STM32F4xx_HAL_Driver/Src/stm32f4xx_hal_rcc.o
 .ARM.attributes
                0x000000000000051f       0x34 ./Drivers/STM32F4xx_HAL_Driver/Src/stm32f4xx_hal_spi.o
 .ARM.attributes
                0x0000000000000553       0x34 ./Drivers/STM32F4xx_HAL_Driver/Src/stm32f4xx_hal_tim.o
 .ARM.attributes
                0x0000000000000587       0x34 ./Drivers/STM32F4xx_HAL_Driver/Src/stm32f4xx_hal_tim_ex.o
 .ARM.attributes
                0x00000000000005bb       0x34 ./Drivers/STM32F4xx_HAL_Driver/Src/stm32f4xx_hal_uart.o
 .ARM.attributes
                0x00000000000005ef       0x34 C:/ST/STM32CubeIDE_1.14.0/STM32CubeIDE/plugins/com.st.stm32cube.ide.mcu.externaltools.gnu-tools-for-stm32.11.3.rel1.win32_1.1.100.202309141235/tools/bin/../lib/gcc/arm-none-eabi/11.3.1/../../../../arm-none-eabi/lib/thumb/v7e-m+fp/hard\libc_nano.a(libc_a-strtoul.o)
 .ARM.attributes
                0x0000000000000623       0x34 C:/ST/STM32CubeIDE_1.14.0/STM32CubeIDE/plugins/com.st.stm32cube.ide.mcu.externaltools.gnu-tools-for-stm32.11.3.rel1.win32_1.1.100.202309141235/tools/bin/../lib/gcc/arm-none-eabi/11.3.1/../../../../arm-none-eabi/lib/thumb/v7e-m+fp/hard\libc_nano.a(libc_a-ctype_.o)
 .ARM.attributes
                0x0000000000000657       0x34 C:/ST/STM32CubeIDE_1.14.0/STM32CubeIDE/plugins/com.st.stm32cube.ide.mcu.externaltools.gnu-tools-for-stm32.11.3.rel1.win32_1.1.100.202309141235/tools/bin/../lib/gcc/arm-none-eabi/11.3.1/../../../../arm-none-eabi/lib/thumb/v7e-m+fp/hard\libc_nano.a(libc_a-findfp.o)
 .ARM.attributes
                0x000000000000068b       0x34 C:/ST/STM32CubeIDE_1.14.0/STM32CubeIDE/plugins/com.st.stm32cube.ide.mcu.externaltools.gnu-tools-for-stm32.11.3.rel1.win32_1.1.100.202309141235/tools/bin/../lib/gcc/arm-none-eabi/11.3.1/../../../../arm-none-eabi/lib/thumb/v7e-m+fp/hard\libc_nano.a(libc_a-sprintf.o)
 .ARM.attributes
                0x00000000000006bf       0x34 C:/ST/STM32CubeIDE_1.14.0/STM32CubeIDE/plugins/com.st.stm32cube.ide.mcu.externaltools.gnu-tools-for-stm32.11.3.rel1.win32_1.1.100.202309141235/tools/bin/../lib/gcc/arm-none-eabi/11.3.1/../../../../arm-none-eabi/lib/thumb/v7e-m+fp/hard\libc_nano.a(libc_a-vsnprintf.o)
 .ARM.attributes
                0x00000000000006f3       0x34 C:/ST/STM32CubeIDE_1.14.0/STM32CubeIDE/plugins/com.st.stm32cube.ide.mcu.externaltools.gnu-tools-for-stm32.11.3.rel1.win32_1.1.100.202309141235/tools/bin/../lib/gcc/arm-none-eabi/11.3.1/../../../../arm-none-eabi/lib/thumb/v7e-m+fp/hard\libc_nano.a(libc_a-memset.o)
 .ARM.attributes
                0x0000000000000727       0x34 C:/ST/STM32CubeIDE_1.14.0/STM32CubeIDE/plugins/com.st.stm32cube.ide.mcu.externaltools.gnu-tools-for-stm32.11.3.rel1.win32_1.1.100.202309141235/tools/bin/../lib/gcc/arm-none-eabi/11.3.1/../../../../arm-none-eabi/lib/thumb/v7e-m+fp/hard\libc_nano.a(libc_a-strncpy.o)
 .ARM.attributes
                0x000000000000075b       0x34 C:/ST/STM32CubeIDE_1.14.0/STM32CubeIDE/plugins/com.st.stm32cube.ide.mcu.externaltools.gnu-tools-for-stm32.11.3.rel1.win32_1.1.100.202309141235/tools/bin/../lib/gcc/arm-none-eabi/11.3.1/../../../../arm-none-eabi/lib/thumb/v7e-m+fp/hard\libc_nano.a(libc_a-strtok_r.o)
 .ARM.attributes
                0x000000000000078f       0x34 C:/ST/STM32CubeIDE_1.14.0/STM32CubeIDE/plugins/com.st.stm32cube.ide.mcu.externaltools.gnu-tools-for-stm32.11.3.rel1.win32_1.1.100.202309141235/tools/bin/../lib/gcc/arm-none-eabi/11.3.1/../../../../arm-none-eabi/lib/thumb/v7e-m+fp/hard\libc_nano.a(libc_a-reent.o)
 .ARM.attributes
                0x00000000000007c3       0x34 C:/ST/STM32CubeIDE_1.14.0/STM32CubeIDE/plugins/com.st.stm32cube.ide.mcu.externaltools.gnu-tools-for-stm32.11.3.rel1.win32_1.1.100.202309141235/tools/bin/../lib/gcc/arm-none-eabi/11.3.1/../../../../arm-none-eabi/lib/thumb/v7e-m+fp/hard\libc_nano.a(libc_a-impure.o)
 .ARM.attributes
                0x00000000000007f7       0x34 C:/ST/STM32CubeIDE_1.14.0/STM32CubeIDE/plugins/com.st.stm32cube.ide.mcu.externaltools.gnu-tools-for-stm32.11.3.rel1.win32_1.1.100.202309141235/tools/bin/../lib/gcc/arm-none-eabi/11.3.1/../../../../arm-none-eabi/lib/thumb/v7e-m+fp/hard\libc_nano.a(libc_a-errno.o)
 .ARM.attributes
                0x000000000000082b       0x34 C:/ST/STM32CubeIDE_1.14.0/STM32CubeIDE/plugins/com.st.stm32cube.ide.mcu.externaltools.gnu-tools-for-stm32.11.3.rel1.win32_1.1.100.202309141235/tools/bin/../lib/gcc/arm-none-eabi/11.3.1/../../../../arm-none-eabi/lib/thumb/v7e-m+fp/hard\libc_nano.a(libc_a-init.o)
 .ARM.attributes
                0x000000000000085f       0x34 C:/ST/STM32CubeIDE_1.14.0/STM32CubeIDE/plugins/com.st.stm32cube.ide.mcu.externaltools.gnu-tools-for-stm32.11.3.rel1.win32_1.1.100.202309141235/tools/bin/../lib/gcc/arm-none-eabi/11.3.1/../../../../arm-none-eabi/lib/thumb/v7e-m+fp/hard\libc_nano.a(libc_a-lock.o)
 .ARM.attributes
                0x0000000000000893       0x1c C:/ST/STM32CubeIDE_1.14.0/STM32CubeIDE/plugins/com.st.stm32cube.ide.mcu.externaltools.gnu-tools-for-stm32.11.3.rel1.win32_1.1.100.202309141235/tools/bin/../lib/gcc/arm-none-eabi/11.3.1/../../../../arm-none-eabi/lib/thumb/v7e-m+fp/hard\libc_nano.a(libc_a-strcmp.o)
 .ARM.attributes
                0x00000000000008af       0x34 C:/ST/STM32CubeIDE_1.14.0/STM32CubeIDE/plugins/com.st.stm32cube.ide.mcu.externaltools.gnu-tools-for-stm32.11.3.rel1.win32_1.1.100.202309141235/tools/bin/../lib/gcc/arm-none-eabi/11.3.1/../../../../arm-none-eabi/lib/thumb/v7e-m+fp/hard\libc_nano.a(libc_a-freer.o)
 .ARM.attributes
                0x00000000000008e3       0x34 C:/ST/STM32CubeIDE_1.14.0/STM32CubeIDE/plugins/com.st.stm32cube.ide.mcu.externaltools.gnu-tools-for-stm32.11.3.rel1.win32_1.1.100.202309141235/tools/bin/../lib/gcc/arm-none-eabi/11.3.1/../../../../arm-none-eabi/lib/thumb/v7e-m+fp/hard\libc_nano.a(libc_a-mallocr.o)
 .ARM.attributes
                0x0000000000000917       0x34 C:/ST/STM32CubeIDE_1.14.0/STM32CubeIDE/plugins/com.st.stm32cube.ide.mcu.externaltools.gnu-tools-for-stm32.11.3.rel1.win32_1.1.100.202309141235/tools/bin/../lib/gcc/arm-none-eabi/11.3.1/../../../../arm-none-eabi/lib/thumb/v7e-m+fp/hard\libc_nano.a(libc_a-mlock.o)
 .ARM.attributes
                0x000000000000094b       0x34 C:/ST/STM32CubeIDE_1.14.0/STM32CubeIDE/plugins/com.st.stm32cube.ide.mcu.externaltools.gnu-tools-for-stm32.11.3.rel1.win32_1.1.100.202309141235/tools/bin/../lib/gcc/arm-none-eabi/11.3.1/../../../../arm-none-eabi/lib/thumb/v7e-m+fp/hard\libc_nano.a(libc_a-nano-svfprintf.o)
 .ARM.attributes
                0x000000000000097f       0x34 C:/ST/STM32CubeIDE_1.14.0/STM32CubeIDE/plugins/com.st.stm32cube.ide.mcu.externaltools.gnu-tools-for-stm32.11.3.rel1.win32_1.1.100.202309141235/tools/bin/../lib/gcc/arm-none-eabi/11.3.1/../../../../arm-none-eabi/lib/thumb/v7e-m+fp/hard\libc_nano.a(libc_a-nano-vfprintf_i.o)
 .ARM.attributes
                0x00000000000009b3       0x34 C:/ST/STM32CubeIDE_1.14.0/STM32CubeIDE/plugins/com.st.stm32cube.ide.mcu.externaltools.gnu-tools-for-stm32.11.3.rel1.win32_1.1.100.202309141235/tools/bin/../lib/gcc/arm-none-eabi/11.3.1/../../../../arm-none-eabi/lib/thumb/v7e-m+fp/hard\libc_nano.a(libc_a-memmove.o)
 .ARM.attributes
                0x00000000000009e7       0x34 C:/ST/STM32CubeIDE_1.14.0/STM32CubeIDE/plugins/com.st.stm32cube.ide.mcu.externaltools.gnu-tools-for-stm32.11.3.rel1.win32_1.1.100.202309141235/tools/bin/../lib/gcc/arm-none-eabi/11.3.1/../../../../arm-none-eabi/lib/thumb/v7e-m+fp/hard\libc_nano.a(libc_a-sbrkr.o)
 .ARM.attributes
                0x0000000000000a1b       0x1c C:/ST/STM32CubeIDE_1.14.0/STM32CubeIDE/plugins/com.st.stm32cube.ide.mcu.externaltools.gnu-tools-for-stm32.11.3.rel1.win32_1.1.100.202309141235/tools/bin/../lib/gcc/arm-none-eabi/11.3.1/../../../../arm-none-eabi/lib/thumb/v7e-m+fp/hard\libc_nano.a(libc_a-memchr.o)
 .ARM.attributes
                0x0000000000000a37       0x34 C:/ST/STM32CubeIDE_1.14.0/STM32CubeIDE/plugins/com.st.stm32cube.ide.mcu.externaltools.gnu-tools-for-stm32.11.3.rel1.win32_1.1.100.202309141235/tools/bin/../lib/gcc/arm-none-eabi/11.3.1/../../../../arm-none-eabi/lib/thumb/v7e-m+fp/hard\libc_nano.a(libc_a-memcpy-stub.o)
 .ARM.attributes
                0x0000000000000a6b       0x34 C:/ST/STM32CubeIDE_1.14.0/STM32CubeIDE/plugins/com.st.stm32cube.ide.mcu.externaltools.gnu-tools-for-stm32.11.3.rel1.win32_1.1.100.202309141235/tools/bin/../lib/gcc/arm-none-eabi/11.3.1/../../../../arm-none-eabi/lib/thumb/v7e-m+fp/hard\libc_nano.a(libc_a-reallocr.o)
 .ARM.attributes
                0x0000000000000a9f       0x34 C:/ST/STM32CubeIDE_1.14.0/STM32CubeIDE/plugins/com.st.stm32cube.ide.mcu.externaltools.gnu-tools-for-stm32.11.3.rel1.win32_1.1.100.202309141235/tools/bin/../lib/gcc/arm-none-eabi/11.3.1/../../../../arm-none-eabi/lib/thumb/v7e-m+fp/hard\libc_nano.a(libc_a-msizer.o)
 .ARM.attributes
                0x0000000000000ad3       0x1e C:/ST/STM32CubeIDE_1.14.0/STM32CubeIDE/plugins/com.st.stm32cube.ide.mcu.externaltools.gnu-tools-for-stm32.11.3.rel1.win32_1.1.100.202309141235/tools/bin/../lib/gcc/arm-none-eabi/11.3.1/thumb/v7e-m+fp/hard\libgcc.a(_aeabi_uldivmod.o)
 .ARM.attributes
                0x0000000000000af1       0x34 C:/ST/STM32CubeIDE_1.14.0/STM32CubeIDE/plugins/com.st.stm32cube.ide.mcu.externaltools.gnu-tools-for-stm32.11.3.rel1.win32_1.1.100.202309141235/tools/bin/../lib/gcc/arm-none-eabi/11.3.1/thumb/v7e-m+fp/hard\libgcc.a(_udivmoddi4.o)
 .ARM.attributes
                0x0000000000000b25       0x1e C:/ST/STM32CubeIDE_1.14.0/STM32CubeIDE/plugins/com.st.stm32cube.ide.mcu.externaltools.gnu-tools-for-stm32.11.3.rel1.win32_1.1.100.202309141235/tools/bin/../lib/gcc/arm-none-eabi/11.3.1/thumb/v7e-m+fp/hard\libgcc.a(_dvmd_tls.o)
 .ARM.attributes
                0x0000000000000b43       0x1e C:/ST/STM32CubeIDE_1.14.0/STM32CubeIDE/plugins/com.st.stm32cube.ide.mcu.externaltools.gnu-tools-for-stm32.11.3.rel1.win32_1.1.100.202309141235/tools/bin/../lib/gcc/arm-none-eabi/11.3.1/thumb/v7e-m+fp/hard/crtn.o
OUTPUT(stm32f429zi_fw.elf elf32-littlearm)
LOAD linker stubs
LOAD C:/ST/STM32CubeIDE_1.14.0/STM32CubeIDE/plugins/com.st.stm32cube.ide.mcu.externaltools.gnu-tools-for-stm32.11.3.rel1.win32_1.1.100.202309141235/tools/bin/../lib/gcc/arm-none-eabi/11.3.1/../../../../arm-none-eabi/lib/thumb/v7e-m+fp/hard\libc.a
LOAD C:/ST/STM32CubeIDE_1.14.0/STM32CubeIDE/plugins/com.st.stm32cube.ide.mcu.externaltools.gnu-tools-for-stm32.11.3.rel1.win32_1.1.100.202309141235/tools/bin/../lib/gcc/arm-none-eabi/11.3.1/../../../../arm-none-eabi/lib/thumb/v7e-m+fp/hard\libm.a
LOAD C:/ST/STM32CubeIDE_1.14.0/STM32CubeIDE/plugins/com.st.stm32cube.ide.mcu.externaltools.gnu-tools-for-stm32.11.3.rel1.win32_1.1.100.202309141235/tools/bin/../lib/gcc/arm-none-eabi/11.3.1/thumb/v7e-m+fp/hard\libgcc.a

.comment        0x0000000000000000       0x43
 .comment       0x0000000000000000       0x43 C:/ST/STM32CubeIDE_1.14.0/STM32CubeIDE/plugins/com.st.stm32cube.ide.mcu.externaltools.gnu-tools-for-stm32.11.3.rel1.win32_1.1.100.202309141235/tools/bin/../lib/gcc/arm-none-eabi/11.3.1/thumb/v7e-m+fp/hard/crtbegin.o
                                         0x44 (size before relaxing)
 .comment       0x0000000000000043       0x44 ./App/ap.o
 .comment       0x0000000000000043       0x44 ./App/src/adc.o
 .comment       0x0000000000000043       0x44 ./App/src/btn_gpio.o
 .comment       0x0000000000000043       0x44 ./App/src/button.o
 .comment       0x0000000000000043       0x44 ./App/src/cli.o
 .comment       0x0000000000000043       0x44 ./App/src/gpio.o
 .comment       0x0000000000000043       0x44 ./App/src/led.o
 .comment       0x0000000000000043       0x44 ./App/src/pwm.o
 .comment       0x0000000000000043       0x44 ./App/src/spi.o
 .comment       0x0000000000000043       0x44 ./App/src/uart.o
 .comment       0x0000000000000043       0x44 ./App/src/utils.o
 .comment       0x0000000000000043       0x44 ./App/src/clcd/CLCD.o
 .comment       0x0000000000000043       0x44 ./Core/Src/main.o
 .comment       0x0000000000000043       0x44 ./Core/Src/stm32f4xx_hal_msp.o
 .comment       0x0000000000000043       0x44 ./Core/Src/stm32f4xx_it.o
 .comment       0x0000000000000043       0x44 ./Core/Src/sysmem.o
 .comment       0x0000000000000043       0x44 ./Core/Src/system_stm32f4xx.o
 .comment       0x0000000000000043       0x44 ./Drivers/STM32F4xx_HAL_Driver/Src/stm32f4xx_hal.o
 .comment       0x0000000000000043       0x44 ./Drivers/STM32F4xx_HAL_Driver/Src/stm32f4xx_hal_adc.o
 .comment       0x0000000000000043       0x44 ./Drivers/STM32F4xx_HAL_Driver/Src/stm32f4xx_hal_cortex.o
 .comment       0x0000000000000043       0x44 ./Drivers/STM32F4xx_HAL_Driver/Src/stm32f4xx_hal_dma.o
 .comment       0x0000000000000043       0x44 ./Drivers/STM32F4xx_HAL_Driver/Src/stm32f4xx_hal_gpio.o
 .comment       0x0000000000000043       0x44 ./Drivers/STM32F4xx_HAL_Driver/Src/stm32f4xx_hal_rcc.o
 .comment       0x0000000000000043       0x44 ./Drivers/STM32F4xx_HAL_Driver/Src/stm32f4xx_hal_spi.o
 .comment       0x0000000000000043       0x44 ./Drivers/STM32F4xx_HAL_Driver/Src/stm32f4xx_hal_tim.o
 .comment       0x0000000000000043       0x44 ./Drivers/STM32F4xx_HAL_Driver/Src/stm32f4xx_hal_tim_ex.o
 .comment       0x0000000000000043       0x44 ./Drivers/STM32F4xx_HAL_Driver/Src/stm32f4xx_hal_uart.o

.debug_info     0x0000000000000000    0x13b87
 .debug_info    0x0000000000000000      0x480 ./App/ap.o
 .debug_info    0x0000000000000480      0x6b1 ./App/src/adc.o
 .debug_info    0x0000000000000b31      0x274 ./App/src/btn_gpio.o
 .debug_info    0x0000000000000da5      0x1f5 ./App/src/button.o
 .debug_info    0x0000000000000f9a      0x532 ./App/src/cli.o
 .debug_info    0x00000000000014cc      0x785 ./App/src/gpio.o
 .debug_info    0x0000000000001c51      0x39f ./App/src/led.o
 .debug_info    0x0000000000001ff0      0x744 ./App/src/pwm.o
 .debug_info    0x0000000000002734      0x9fa ./App/src/spi.o
 .debug_info    0x000000000000312e      0x861 ./App/src/uart.o
 .debug_info    0x000000000000398f       0xed ./App/src/utils.o
 .debug_info    0x0000000000003a7c      0x23a ./App/src/clcd/CLCD.o
 .debug_info    0x0000000000003cb6     0x1af5 ./Core/Src/main.o
 .debug_info    0x00000000000057ab     0x1621 ./Core/Src/stm32f4xx_hal_msp.o
 .debug_info    0x0000000000006dcc      0x6c0 ./Core/Src/stm32f4xx_it.o
 .debug_info    0x000000000000748c      0x168 ./Core/Src/sysmem.o
 .debug_info    0x00000000000075f4      0x52e ./Core/Src/system_stm32f4xx.o
 .debug_info    0x0000000000007b22       0x23 ./Core/Startup/startup_stm32f429zitx.o
 .debug_info    0x0000000000007b45      0x9be ./Drivers/STM32F4xx_HAL_Driver/Src/stm32f4xx_hal.o
 .debug_info    0x0000000000008503      0xcd4 ./Drivers/STM32F4xx_HAL_Driver/Src/stm32f4xx_hal_adc.o
 .debug_info    0x00000000000091d7      0xd7c ./Drivers/STM32F4xx_HAL_Driver/Src/stm32f4xx_hal_cortex.o
 .debug_info    0x0000000000009f53      0x8e7 ./Drivers/STM32F4xx_HAL_Driver/Src/stm32f4xx_hal_dma.o
 .debug_info    0x000000000000a83a      0x6db ./Drivers/STM32F4xx_HAL_Driver/Src/stm32f4xx_hal_gpio.o
 .debug_info    0x000000000000af15      0x8c9 ./Drivers/STM32F4xx_HAL_Driver/Src/stm32f4xx_hal_rcc.o
 .debug_info    0x000000000000b7de     0x15fb ./Drivers/STM32F4xx_HAL_Driver/Src/stm32f4xx_hal_spi.o
 .debug_info    0x000000000000cdd9     0x2948 ./Drivers/STM32F4xx_HAL_Driver/Src/stm32f4xx_hal_tim.o
 .debug_info    0x000000000000f721     0x14ae ./Drivers/STM32F4xx_HAL_Driver/Src/stm32f4xx_hal_tim_ex.o
 .debug_info    0x0000000000010bcf     0x2fb8 ./Drivers/STM32F4xx_HAL_Driver/Src/stm32f4xx_hal_uart.o

.debug_abbrev   0x0000000000000000     0x35aa
 .debug_abbrev  0x0000000000000000      0x18a ./App/ap.o
 .debug_abbrev  0x000000000000018a      0x1e7 ./App/src/adc.o
 .debug_abbrev  0x0000000000000371      0x17d ./App/src/btn_gpio.o
 .debug_abbrev  0x00000000000004ee      0x10c ./App/src/button.o
 .debug_abbrev  0x00000000000005fa      0x1c0 ./App/src/cli.o
 .debug_abbrev  0x00000000000007ba      0x22e ./App/src/gpio.o
 .debug_abbrev  0x00000000000009e8      0x1c4 ./App/src/led.o
 .debug_abbrev  0x0000000000000bac      0x1e5 ./App/src/pwm.o
 .debug_abbrev  0x0000000000000d91      0x268 ./App/src/spi.o
 .debug_abbrev  0x0000000000000ff9      0x203 ./App/src/uart.o
 .debug_abbrev  0x00000000000011fc       0xb1 ./App/src/utils.o
 .debug_abbrev  0x00000000000012ad      0x131 ./App/src/clcd/CLCD.o
 .debug_abbrev  0x00000000000013de      0x2ed ./Core/Src/main.o
 .debug_abbrev  0x00000000000016cb      0x27d ./Core/Src/stm32f4xx_hal_msp.o
 .debug_abbrev  0x0000000000001948      0x181 ./Core/Src/stm32f4xx_it.o
 .debug_abbrev  0x0000000000001ac9       0xbc ./Core/Src/sysmem.o
 .debug_abbrev  0x0000000000001b85      0x11a ./Core/Src/system_stm32f4xx.o
 .debug_abbrev  0x0000000000001c9f       0x12 ./Core/Startup/startup_stm32f429zitx.o
 .debug_abbrev  0x0000000000001cb1      0x213 ./Drivers/STM32F4xx_HAL_Driver/Src/stm32f4xx_hal.o
 .debug_abbrev  0x0000000000001ec4      0x252 ./Drivers/STM32F4xx_HAL_Driver/Src/stm32f4xx_hal_adc.o
 .debug_abbrev  0x0000000000002116      0x327 ./Drivers/STM32F4xx_HAL_Driver/Src/stm32f4xx_hal_cortex.o
 .debug_abbrev  0x000000000000243d      0x264 ./Drivers/STM32F4xx_HAL_Driver/Src/stm32f4xx_hal_dma.o
 .debug_abbrev  0x00000000000026a1      0x1d4 ./Drivers/STM32F4xx_HAL_Driver/Src/stm32f4xx_hal_gpio.o
 .debug_abbrev  0x0000000000002875      0x2b6 ./Drivers/STM32F4xx_HAL_Driver/Src/stm32f4xx_hal_rcc.o
 .debug_abbrev  0x0000000000002b2b      0x284 ./Drivers/STM32F4xx_HAL_Driver/Src/stm32f4xx_hal_spi.o
 .debug_abbrev  0x0000000000002daf      0x271 ./Drivers/STM32F4xx_HAL_Driver/Src/stm32f4xx_hal_tim.o
 .debug_abbrev  0x0000000000003020      0x27c ./Drivers/STM32F4xx_HAL_Driver/Src/stm32f4xx_hal_tim_ex.o
 .debug_abbrev  0x000000000000329c      0x30e ./Drivers/STM32F4xx_HAL_Driver/Src/stm32f4xx_hal_uart.o

.debug_aranges  0x0000000000000000     0x1220
 .debug_aranges
                0x0000000000000000       0x30 ./App/ap.o
 .debug_aranges
                0x0000000000000030       0x30 ./App/src/adc.o
 .debug_aranges
                0x0000000000000060       0x28 ./App/src/btn_gpio.o
 .debug_aranges
                0x0000000000000088       0x30 ./App/src/button.o
 .debug_aranges
                0x00000000000000b8       0x58 ./App/src/cli.o
 .debug_aranges
                0x0000000000000110       0x48 ./App/src/gpio.o
 .debug_aranges
                0x0000000000000158       0x40 ./App/src/led.o
 .debug_aranges
                0x0000000000000198       0x30 ./App/src/pwm.o
 .debug_aranges
                0x00000000000001c8       0x70 ./App/src/spi.o
 .debug_aranges
                0x0000000000000238       0x48 ./App/src/uart.o
 .debug_aranges
                0x0000000000000280       0x28 ./App/src/utils.o
 .debug_aranges
                0x00000000000002a8       0x48 ./App/src/clcd/CLCD.o
 .debug_aranges
                0x00000000000002f0       0x60 ./Core/Src/main.o
 .debug_aranges
                0x0000000000000350       0x68 ./Core/Src/stm32f4xx_hal_msp.o
 .debug_aranges
                0x00000000000003b8       0x80 ./Core/Src/stm32f4xx_it.o
 .debug_aranges
                0x0000000000000438       0x20 ./Core/Src/sysmem.o
 .debug_aranges
                0x0000000000000458       0x28 ./Core/Src/system_stm32f4xx.o
 .debug_aranges
                0x0000000000000480       0x28 ./Core/Startup/startup_stm32f429zitx.o
 .debug_aranges
                0x00000000000004a8      0x100 ./Drivers/STM32F4xx_HAL_Driver/Src/stm32f4xx_hal.o
 .debug_aranges
                0x00000000000005a8       0xe8 ./Drivers/STM32F4xx_HAL_Driver/Src/stm32f4xx_hal_adc.o
 .debug_aranges
                0x0000000000000690      0x118 ./Drivers/STM32F4xx_HAL_Driver/Src/stm32f4xx_hal_cortex.o
 .debug_aranges
                0x00000000000007a8       0x90 ./Drivers/STM32F4xx_HAL_Driver/Src/stm32f4xx_hal_dma.o
 .debug_aranges
                0x0000000000000838       0x58 ./Drivers/STM32F4xx_HAL_Driver/Src/stm32f4xx_hal_gpio.o
 .debug_aranges
                0x0000000000000890       0x88 ./Drivers/STM32F4xx_HAL_Driver/Src/stm32f4xx_hal_rcc.o
 .debug_aranges
                0x0000000000000918      0x1d0 ./Drivers/STM32F4xx_HAL_Driver/Src/stm32f4xx_hal_spi.o
 .debug_aranges
                0x0000000000000ae8      0x3d0 ./Drivers/STM32F4xx_HAL_Driver/Src/stm32f4xx_hal_tim.o
 .debug_aranges
                0x0000000000000eb8      0x168 ./Drivers/STM32F4xx_HAL_Driver/Src/stm32f4xx_hal_tim_ex.o
 .debug_aranges
                0x0000000000001020      0x200 ./Drivers/STM32F4xx_HAL_Driver/Src/stm32f4xx_hal_uart.o

.debug_rnglists
                0x0000000000000000      0xdf0
 .debug_rnglists
                0x0000000000000000       0x21 ./App/ap.o
 .debug_rnglists
                0x0000000000000021       0x1f ./App/src/adc.o
 .debug_rnglists
                0x0000000000000040       0x19 ./App/src/btn_gpio.o
 .debug_rnglists
                0x0000000000000059       0x1f ./App/src/button.o
 .debug_rnglists
                0x0000000000000078       0x3e ./App/src/cli.o
 .debug_rnglists
                0x00000000000000b6       0x34 ./App/src/gpio.o
 .debug_rnglists
                0x00000000000000ea       0x2b ./App/src/led.o
 .debug_rnglists
                0x0000000000000115       0x1f ./App/src/pwm.o
 .debug_rnglists
                0x0000000000000134       0x52 ./App/src/spi.o
 .debug_rnglists
                0x0000000000000186       0x32 ./App/src/uart.o
 .debug_rnglists
                0x00000000000001b8       0x19 ./App/src/utils.o
 .debug_rnglists
                0x00000000000001d1       0x33 ./App/src/clcd/CLCD.o
 .debug_rnglists
                0x0000000000000204       0x47 ./Core/Src/main.o
 .debug_rnglists
                0x000000000000024b       0x4c ./Core/Src/stm32f4xx_hal_msp.o
 .debug_rnglists
                0x0000000000000297       0x5b ./Core/Src/stm32f4xx_it.o
 .debug_rnglists
                0x00000000000002f2       0x13 ./Core/Src/sysmem.o
 .debug_rnglists
                0x0000000000000305       0x1a ./Core/Src/system_stm32f4xx.o
 .debug_rnglists
                0x000000000000031f       0x19 ./Core/Startup/startup_stm32f429zitx.o
 .debug_rnglists
                0x0000000000000338       0xbb ./Drivers/STM32F4xx_HAL_Driver/Src/stm32f4xx_hal.o
 .debug_rnglists
                0x00000000000003f3       0xb5 ./Drivers/STM32F4xx_HAL_Driver/Src/stm32f4xx_hal_adc.o
 .debug_rnglists
                0x00000000000004a8       0xce ./Drivers/STM32F4xx_HAL_Driver/Src/stm32f4xx_hal_cortex.o
 .debug_rnglists
                0x0000000000000576       0x70 ./Drivers/STM32F4xx_HAL_Driver/Src/stm32f4xx_hal_dma.o
 .debug_rnglists
                0x00000000000005e6       0x3f ./Drivers/STM32F4xx_HAL_Driver/Src/stm32f4xx_hal_gpio.o
 .debug_rnglists
                0x0000000000000625       0x66 ./Drivers/STM32F4xx_HAL_Driver/Src/stm32f4xx_hal_rcc.o
 .debug_rnglists
                0x000000000000068b      0x16f ./Drivers/STM32F4xx_HAL_Driver/Src/stm32f4xx_hal_spi.o
 .debug_rnglists
                0x00000000000007fa      0x31a ./Drivers/STM32F4xx_HAL_Driver/Src/stm32f4xx_hal_tim.o
 .debug_rnglists
                0x0000000000000b14      0x125 ./Drivers/STM32F4xx_HAL_Driver/Src/stm32f4xx_hal_tim_ex.o
 .debug_rnglists
                0x0000000000000c39      0x1b7 ./Drivers/STM32F4xx_HAL_Driver/Src/stm32f4xx_hal_uart.o

.debug_macro    0x0000000000000000    0x27e8c
 .debug_macro   0x0000000000000000      0x3c6 ./App/ap.o
 .debug_macro   0x00000000000003c6      0xaa8 ./App/ap.o
 .debug_macro   0x0000000000000e6e       0x22 ./App/ap.o
 .debug_macro   0x0000000000000e90       0x22 ./App/ap.o
 .debug_macro   0x0000000000000eb2       0x8e ./App/ap.o
 .debug_macro   0x0000000000000f40       0x51 ./App/ap.o
 .debug_macro   0x0000000000000f91      0x103 ./App/ap.o
 .debug_macro   0x0000000000001094       0x6a ./App/ap.o
 .debug_macro   0x00000000000010fe      0x1df ./App/ap.o
 .debug_macro   0x00000000000012dd       0x58 ./App/ap.o
 .debug_macro   0x0000000000001335       0x61 ./App/ap.o
 .debug_macro   0x0000000000001396       0x2a ./App/ap.o
 .debug_macro   0x00000000000013c0       0x43 ./App/ap.o
 .debug_macro   0x0000000000001403       0x34 ./App/ap.o
 .debug_macro   0x0000000000001437       0x16 ./App/ap.o
 .debug_macro   0x000000000000144d       0x97 ./App/ap.o
 .debug_macro   0x00000000000014e4      0x369 ./App/ap.o
 .debug_macro   0x000000000000184d       0xfd ./App/ap.o
 .debug_macro   0x000000000000194a       0x16 ./App/ap.o
 .debug_macro   0x0000000000001960       0x43 ./App/ap.o
 .debug_macro   0x00000000000019a3       0x34 ./App/ap.o
 .debug_macro   0x00000000000019d7       0x10 ./App/ap.o
 .debug_macro   0x00000000000019e7       0x58 ./App/ap.o
 .debug_macro   0x0000000000001a3f       0x8e ./App/ap.o
 .debug_macro   0x0000000000001acd       0x1c ./App/ap.o
 .debug_macro   0x0000000000001ae9      0x177 ./App/ap.o
 .debug_macro   0x0000000000001c60       0x16 ./App/ap.o
 .debug_macro   0x0000000000001c76       0x16 ./App/ap.o
 .debug_macro   0x0000000000001c8c      0x147 ./App/ap.o
 .debug_macro   0x0000000000001dd3       0x16 ./App/ap.o
 .debug_macro   0x0000000000001de9       0x35 ./App/ap.o
 .debug_macro   0x0000000000001e1e       0x20 ./App/ap.o
 .debug_macro   0x0000000000001e3e       0x16 ./App/ap.o
 .debug_macro   0x0000000000001e54       0x16 ./App/ap.o
 .debug_macro   0x0000000000001e6a       0x29 ./App/ap.o
 .debug_macro   0x0000000000001e93      0x2a7 ./App/ap.o
 .debug_macro   0x000000000000213a       0x2e ./App/ap.o
 .debug_macro   0x0000000000002168       0x28 ./App/ap.o
 .debug_macro   0x0000000000002190       0x1c ./App/ap.o
 .debug_macro   0x00000000000021ac       0x22 ./App/ap.o
 .debug_macro   0x00000000000021ce       0xd9 ./App/ap.o
 .debug_macro   0x00000000000022a7     0x102d ./App/ap.o
 .debug_macro   0x00000000000032d4      0x11f ./App/ap.o
 .debug_macro   0x00000000000033f3    0x17fc0 ./App/ap.o
 .debug_macro   0x000000000001b3b3       0x6d ./App/ap.o